Archive member included to satisfy reference by file (symbol)

C:/Program Files/STM32CubeIDE_1.17.0/STM32CubeIDE/plugins/com.st.stm32cube.ide.mcu.externaltools.gnu-tools-for-stm32.12.3.rel1.win32_1.1.0.202410251130/tools/bin/../lib/gcc/arm-none-eabi/12.3.1/../../../../arm-none-eabi/lib/thumb/v7-m/nofp\libc_nano.a(libc_a-exit.o)
                              C:/Program Files/STM32CubeIDE_1.17.0/STM32CubeIDE/plugins/com.st.stm32cube.ide.mcu.externaltools.gnu-tools-for-stm32.12.3.rel1.win32_1.1.0.202410251130/tools/bin/../lib/gcc/arm-none-eabi/12.3.1/../../../../arm-none-eabi/lib/thumb/v7-m/nofp/crt0.o (exit)
C:/Program Files/STM32CubeIDE_1.17.0/STM32CubeIDE/plugins/com.st.stm32cube.ide.mcu.externaltools.gnu-tools-for-stm32.12.3.rel1.win32_1.1.0.202410251130/tools/bin/../lib/gcc/arm-none-eabi/12.3.1/../../../../arm-none-eabi/lib/thumb/v7-m/nofp\libc_nano.a(libc_a-findfp.o)
                              C:/Program Files/STM32CubeIDE_1.17.0/STM32CubeIDE/plugins/com.st.stm32cube.ide.mcu.externaltools.gnu-tools-for-stm32.12.3.rel1.win32_1.1.0.202410251130/tools/bin/../lib/gcc/arm-none-eabi/12.3.1/../../../../arm-none-eabi/lib/thumb/v7-m/nofp\libc_nano.a(libc_a-exit.o) (__stdio_exit_handler)
C:/Program Files/STM32CubeIDE_1.17.0/STM32CubeIDE/plugins/com.st.stm32cube.ide.mcu.externaltools.gnu-tools-for-stm32.12.3.rel1.win32_1.1.0.202410251130/tools/bin/../lib/gcc/arm-none-eabi/12.3.1/../../../../arm-none-eabi/lib/thumb/v7-m/nofp\libc_nano.a(libc_a-fwalk.o)
                              C:/Program Files/STM32CubeIDE_1.17.0/STM32CubeIDE/plugins/com.st.stm32cube.ide.mcu.externaltools.gnu-tools-for-stm32.12.3.rel1.win32_1.1.0.202410251130/tools/bin/../lib/gcc/arm-none-eabi/12.3.1/../../../../arm-none-eabi/lib/thumb/v7-m/nofp\libc_nano.a(libc_a-findfp.o) (_fwalk_sglue)
C:/Program Files/STM32CubeIDE_1.17.0/STM32CubeIDE/plugins/com.st.stm32cube.ide.mcu.externaltools.gnu-tools-for-stm32.12.3.rel1.win32_1.1.0.202410251130/tools/bin/../lib/gcc/arm-none-eabi/12.3.1/../../../../arm-none-eabi/lib/thumb/v7-m/nofp\libc_nano.a(libc_a-stdio.o)
                              C:/Program Files/STM32CubeIDE_1.17.0/STM32CubeIDE/plugins/com.st.stm32cube.ide.mcu.externaltools.gnu-tools-for-stm32.12.3.rel1.win32_1.1.0.202410251130/tools/bin/../lib/gcc/arm-none-eabi/12.3.1/../../../../arm-none-eabi/lib/thumb/v7-m/nofp\libc_nano.a(libc_a-findfp.o) (__sread)
C:/Program Files/STM32CubeIDE_1.17.0/STM32CubeIDE/plugins/com.st.stm32cube.ide.mcu.externaltools.gnu-tools-for-stm32.12.3.rel1.win32_1.1.0.202410251130/tools/bin/../lib/gcc/arm-none-eabi/12.3.1/../../../../arm-none-eabi/lib/thumb/v7-m/nofp\libc_nano.a(libc_a-memset.o)
                              C:/Program Files/STM32CubeIDE_1.17.0/STM32CubeIDE/plugins/com.st.stm32cube.ide.mcu.externaltools.gnu-tools-for-stm32.12.3.rel1.win32_1.1.0.202410251130/tools/bin/../lib/gcc/arm-none-eabi/12.3.1/../../../../arm-none-eabi/lib/thumb/v7-m/nofp/crt0.o (memset)
C:/Program Files/STM32CubeIDE_1.17.0/STM32CubeIDE/plugins/com.st.stm32cube.ide.mcu.externaltools.gnu-tools-for-stm32.12.3.rel1.win32_1.1.0.202410251130/tools/bin/../lib/gcc/arm-none-eabi/12.3.1/../../../../arm-none-eabi/lib/thumb/v7-m/nofp\libc_nano.a(libc_a-closer.o)
                              C:/Program Files/STM32CubeIDE_1.17.0/STM32CubeIDE/plugins/com.st.stm32cube.ide.mcu.externaltools.gnu-tools-for-stm32.12.3.rel1.win32_1.1.0.202410251130/tools/bin/../lib/gcc/arm-none-eabi/12.3.1/../../../../arm-none-eabi/lib/thumb/v7-m/nofp\libc_nano.a(libc_a-stdio.o) (_close_r)
C:/Program Files/STM32CubeIDE_1.17.0/STM32CubeIDE/plugins/com.st.stm32cube.ide.mcu.externaltools.gnu-tools-for-stm32.12.3.rel1.win32_1.1.0.202410251130/tools/bin/../lib/gcc/arm-none-eabi/12.3.1/../../../../arm-none-eabi/lib/thumb/v7-m/nofp\libc_nano.a(libc_a-reent.o)
                              C:/Program Files/STM32CubeIDE_1.17.0/STM32CubeIDE/plugins/com.st.stm32cube.ide.mcu.externaltools.gnu-tools-for-stm32.12.3.rel1.win32_1.1.0.202410251130/tools/bin/../lib/gcc/arm-none-eabi/12.3.1/../../../../arm-none-eabi/lib/thumb/v7-m/nofp\libc_nano.a(libc_a-closer.o) (errno)
C:/Program Files/STM32CubeIDE_1.17.0/STM32CubeIDE/plugins/com.st.stm32cube.ide.mcu.externaltools.gnu-tools-for-stm32.12.3.rel1.win32_1.1.0.202410251130/tools/bin/../lib/gcc/arm-none-eabi/12.3.1/../../../../arm-none-eabi/lib/thumb/v7-m/nofp\libc_nano.a(libc_a-impure.o)
                              C:/Program Files/STM32CubeIDE_1.17.0/STM32CubeIDE/plugins/com.st.stm32cube.ide.mcu.externaltools.gnu-tools-for-stm32.12.3.rel1.win32_1.1.0.202410251130/tools/bin/../lib/gcc/arm-none-eabi/12.3.1/../../../../arm-none-eabi/lib/thumb/v7-m/nofp\libc_nano.a(libc_a-reent.o) (_impure_ptr)
C:/Program Files/STM32CubeIDE_1.17.0/STM32CubeIDE/plugins/com.st.stm32cube.ide.mcu.externaltools.gnu-tools-for-stm32.12.3.rel1.win32_1.1.0.202410251130/tools/bin/../lib/gcc/arm-none-eabi/12.3.1/../../../../arm-none-eabi/lib/thumb/v7-m/nofp\libc_nano.a(libc_a-lseekr.o)
[...]
Memory Configuration

Name             Origin             Length             Attributes
RAM              0x20000000         0x00005000         xrw
FLASH            0x08000000         0x00010000         xr
*default*        0x00000000         0xffffffff

Linker script and memory map

LOAD C:/Program Files/STM32CubeIDE_1.17.0/STM32CubeIDE/plugins/com.st.stm32cube.ide.mcu.externaltools.gnu-tools-for-stm32.12.3.rel1.win32_1.1.0.202410251130/tools/bin/../lib/gcc/arm-none-eabi/12.3.1/thumb/v7-m/nofp/crti.o
LOAD C:/Program Files/STM32CubeIDE_1.17.0/STM32CubeIDE/plugins/com.st.stm32cube.ide.mcu.externaltools.gnu-tools-for-stm32.12.3.rel1.win32_1.1.0.202410251130/tools/bin/../lib/gcc/arm-none-eabi/12.3.1/thumb/v7-m/nofp/crtbegin.o
LOAD C:/Program Files/STM32CubeIDE_1.17.0/STM32CubeIDE/plugins/com.st.stm32cube.ide.mcu.externaltools.gnu-tools-for-stm32.12.3.rel1.win32_1.1.0.202410251130/tools/bin/../lib/gcc/arm-none-eabi/12.3.1/../../../../arm-none-eabi/lib/thumb/v7-m/nofp/crt0.o
LOAD ./Core/Src/main.o
LOAD ./Core/Src/stm32f1xx_hal_msp.o
LOAD ./Core/Src/stm32f1xx_it.o
LOAD ./Core/Src/syscalls.o
LOAD ./Core/Src/sysmem.o
LOAD ./Core/Src/system_stm32f1xx.o
LOAD ./Core/Startup/startup_stm32f103c8tx.o
LOAD ./Drivers/STM32F1xx_HAL_Driver/Src/stm32f1xx_hal.o
LOAD ./Drivers/STM32F1xx_HAL_Driver/Src/stm32f1xx_hal_cortex.o
LOAD ./Drivers/STM32F1xx_HAL_Driver/Src/stm32f1xx_hal_dma.o
LOAD ./Drivers/STM32F1xx_HAL_Driver/Src/stm32f1xx_hal_exti.o
LOAD ./Drivers/STM32F1xx_HAL_Driver/Src/stm32f1xx_hal_flash.o
LOAD ./Drivers/STM32F1xx_HAL_Driver/Src/stm32f1xx_hal_flash_ex.o
LOAD ./Drivers/STM32F1xx_HAL_Driver/Src/stm32f1xx_hal_gpio.o
LOAD ./Drivers/STM32F1xx_HAL_Driver/Src/stm32f1xx_hal_gpio_ex.o
LOAD ./Drivers/STM32F1xx_HAL_Driver/Src/stm32f1xx_hal_i2c.o
LOAD ./Drivers/STM32F1xx_HAL_Driver/Src/stm32f1xx_hal_pwr.o
LOAD ./Drivers/STM32F1xx_HAL_Driver/Src/stm32f1xx_hal_rcc.o
LOAD ./Drivers/STM32F1xx_HAL_Driver/Src/stm32f1xx_hal_rcc_ex.o
LOAD ./Drivers/STM32F1xx_HAL_Driver/Src/stm32f1xx_hal_tim.o
LOAD ./Drivers/STM32F1xx_HAL_Driver/Src/stm32f1xx_hal_tim_ex.o
LOAD ./Libraries/Application/Src/Controller/AlarmCtrl.o
LOAD ./Libraries/Application/Src/Controller/FlashCtrl.o
LOAD ./Libraries/Application/Src/Controller/IdlingCtrl.o
LOAD ./Libraries/Application/Src/Controller/MenuCtrl.o
LOAD ./Libraries/Application/Src/Controller/StateCtrl.o
LOAD ./Libraries/Application/Src/GeneralUtilities.o
LOAD ./Libraries/Application/Src/ScreenUtilities.o
LOAD ./Libraries/Application/Src/View/AlarmView.o
LOAD ./Libraries/Application/Src/View/CounterView.o
LOAD ./Libraries/Application/Src/View/FlashView.o
LOAD ./Libraries/Application/Src/View/GeneralDisplay.o
LOAD ./Libraries/Application/Src/View/IdlingView.o
LOAD ./Libraries/Application/Src/View/MenuView.o
LOAD ./Libraries/Firmware/Src/Beep_pwm.o
LOAD ./Libraries/Firmware/Src/Button_gpio.o
LOAD ./Libraries/Firmware/Src/Led_gpio.o
LOAD ./Libraries/Firmware/Src/Oled_sh1106_i2c.o
LOAD ./Libraries/Firmware/Src/Rtc_ds1307_i2c.o
START GROUP
LOAD C:/Program Files/STM32CubeIDE_1.17.0/STM32CubeIDE/plugins/com.st.stm32cube.ide.mcu.externaltools.gnu-tools-for-stm32.12.3.rel1.win32_1.1.0.202410251130/tools/bin/../lib/gcc/arm-none-eabi/12.3.1/../../../../arm-none-eabi/lib/thumb/v7-m/nofp\libc_nano.a
LOAD C:/Program Files/STM32CubeIDE_1.17.0/STM32CubeIDE/plugins/com.st.stm32cube.ide.mcu.externaltools.gnu-tools-for-stm32.12.3.rel1.win32_1.1.0.202410251130/tools/bin/../lib/gcc/arm-none-eabi/12.3.1/../../../../arm-none-eabi/lib/thumb/v7-m/nofp\libm.a
END GROUP
START GROUP
LOAD C:/Program Files/STM32CubeIDE_1.17.0/STM32CubeIDE/plugins/com.st.stm32cube.ide.mcu.externaltools.gnu-tools-for-stm32.12.3.rel1.win32_1.1.0.202410251130/tools/bin/../lib/gcc/arm-none-eabi/12.3.1/thumb/v7-m/nofp\libgcc.a
LOAD C:/Program Files/STM32CubeIDE_1.17.0/STM32CubeIDE/plugins/com.st.stm32cube.ide.mcu.externaltools.gnu-tools-for-stm32.12.3.rel1.win32_1.1.0.202410251130/tools/bin/../lib/gcc/arm-none-eabi/12.3.1/../../../../arm-none-eabi/lib/thumb/v7-m/nofp\libc_nano.a
END GROUP
START GROUP
LOAD C:/Program Files/STM32CubeIDE_1.17.0/STM32CubeIDE/plugins/com.st.stm32cube.ide.mcu.externaltools.gnu-tools-for-stm32.12.3.rel1.win32_1.1.0.202410251130/tools/bin/../lib/gcc/arm-none-eabi/12.3.1/thumb/v7-m/nofp\libgcc.a
LOAD C:/Program Files/STM32CubeIDE_1.17.0/STM32CubeIDE/plugins/com.st.stm32cube.ide.mcu.externaltools.gnu-tools-for-stm32.12.3.rel1.win32_1.1.0.202410251130/tools/bin/../lib/gcc/arm-none-eabi/12.3.1/../../../../arm-none-eabi/lib/thumb/v7-m/nofp\libc_nano.a
LOAD C:/Program Files/STM32CubeIDE_1.17.0/STM32CubeIDE/plugins/com.st.stm32cube.ide.mcu.externaltools.gnu-tools-for-stm32.12.3.rel1.win32_1.1.0.202410251130/tools/bin/../lib/gcc/arm-none-eabi/12.3.1/../../../../arm-none-eabi/lib/thumb/v7-m/nofp\libnosys.a
END GROUP
START GROUP
LOAD C:/Program Files/STM32CubeIDE_1.17.0/STM32CubeIDE/plugins/com.st.stm32cube.ide.mcu.externaltools.gnu-tools-for-stm32.12.3.rel1.win32_1.1.0.202410251130/tools/bin/../lib/gcc/arm-none-eabi/12.3.1/thumb/v7-m/nofp\libgcc.a
LOAD C:/Program Files/STM32CubeIDE_1.17.0/STM32CubeIDE/plugins/com.st.stm32cube.ide.mcu.externaltools.gnu-tools-for-stm32.12.3.rel1.win32_1.1.0.202410251130/tools/bin/../lib/gcc/arm-none-eabi/12.3.1/../../../../arm-none-eabi/lib/thumb/v7-m/nofp\libc_nano.a
LOAD C:/Program Files/STM32CubeIDE_1.17.0/STM32CubeIDE/plugins/com.st.stm32cube.ide.mcu.externaltools.gnu-tools-for-stm32.12.3.rel1.win32_1.1.0.202410251130/tools/bin/../lib/gcc/arm-none-eabi/12.3.1/../../../../arm-none-eabi/lib/thumb/v7-m/nofp\libnosys.a
END GROUP
LOAD C:/Program Files/STM32CubeIDE_1.17.0/STM32CubeIDE/plugins/com.st.stm32cube.ide.mcu.externaltools.gnu-tools-for-stm32.12.3.rel1.win32_1.1.0.202410251130/tools/bin/../lib/gcc/arm-none-eabi/12.3.1/thumb/v7-m/nofp/crtend.o
LOAD C:/Program Files/STM32CubeIDE_1.17.0/STM32CubeIDE/plugins/com.st.stm32cube.ide.mcu.externaltools.gnu-tools-for-stm32.12.3.rel1.win32_1.1.0.202410251130/tools/bin/../lib/gcc/arm-none-eabi/12.3.1/thumb/v7-m/nofp/crtn.o
                0x20005000                        _estack = (ORIGIN (RAM) + LENGTH (RAM))
                0x00000200                        _Min_Heap_Size = 0x200
                0x00000400                        _Min_Stack_Size = 0x400

.isr_vector     0x08000000      0x10c
                0x08000000                        . = ALIGN (0x4)
 *(.isr_vector)
 .isr_vector    0x08000000      0x10c ./Core/Startup/startup_stm32f103c8tx.o
                0x08000000                g_pfnVectors
                0x0800010c                        . = ALIGN (0x4)

.text           0x0800010c     0x4d84
                0x0800010c                        . = ALIGN (0x4)
 *(.text)
 .text          0x0800010c       0x40 C:/Program Files/STM32CubeIDE_1.17.0/STM32CubeIDE/plugins/com.st.stm32cube.ide.mcu.externaltools.gnu-tools-for-stm32.12.3.rel1.win32_1.1.0.202410251130/tools/bin/../lib/gcc/arm-none-eabi/12.3.1/thumb/v7-m/nofp/crtbegin.o
 *(.text*)
 .text.HAL_TIM_PeriodElapsedCallback
                0x0800014c       0x2c ./Core/Src/main.o
                0x0800014c                HAL_TIM_PeriodElapsedCallback
 .text.main     0x08000178       0x94 ./Core/Src/main.o
                0x08000178                main
 .text.SystemClock_Config
                0x0800020c       0x76 ./Core/Src/main.o
                0x0800020c                SystemClock_Config
 *fill*         0x08000282        0x2 
 .text.MX_I2C1_Init
                0x08000284       0x5c ./Core/Src/main.o
 .text.MX_TIM1_Init
                0x080002e0       0xa0 ./Core/Src/main.o
 .text.MX_TIM3_Init
                0x08000380       0xf0 ./Core/Src/main.o
 .text.MX_GPIO_Init
                0x08000470       0xdc ./Core/Src/main.o
 .text.Error_Handler
                0x0800054c        0xc ./Core/Src/main.o
                0x0800054c                Error_Handler
 .text.HAL_MspInit
                0x08000558       0x64 ./Core/Src/stm32f1xx_hal_msp.o
                0x08000558                HAL_MspInit
 .text.HAL_I2C_MspInit
                0x080005bc       0x7c ./Core/Src/stm32f1xx_hal_msp.o
                0x080005bc                HAL_I2C_MspInit
 .text.HAL_TIM_Base_MspInit
                0x08000638       0x74 ./Core/Src/stm32f1xx_hal_msp.o
                0x08000638                HAL_TIM_Base_MspInit
 .text.HAL_TIM_MspPostInit
                0x080006ac       0x64 ./Core/Src/stm32f1xx_hal_msp.o
                0x080006ac                HAL_TIM_MspPostInit
 .text.NMI_Handler
                0x08000710        0x8 ./Core/Src/stm32f1xx_it.o
                0x08000710                NMI_Handler
 .text.HardFault_Handler
                0x08000718        0x8 ./Core/Src/stm32f1xx_it.o
                0x08000718                HardFault_Handler
 .text.MemManage_Handler
                0x08000720        0x8 ./Core/Src/stm32f1xx_it.o
                0x08000720                MemManage_Handler
 .text.BusFault_Handler
                0x08000728        0x8 ./Core/Src/stm32f1xx_it.o
                0x08000728                BusFault_Handler
 .text.UsageFault_Handler
                0x08000730        0x8 ./Core/Src/stm32f1xx_it.o
                0x08000730                UsageFault_Handler
 .text.SVC_Handler
                0x08000738        0xc ./Core/Src/stm32f1xx_it.o
                0x08000738                SVC_Handler
 .text.DebugMon_Handler
                0x08000744        0xc ./Core/Src/stm32f1xx_it.o
                0x08000744                DebugMon_Handler
 .text.PendSV_Handler
                0x08000750        0xc ./Core/Src/stm32f1xx_it.o
                0x08000750                PendSV_Handler
 .text.SysTick_Handler
                0x0800075c        0xc ./Core/Src/stm32f1xx_it.o
                0x0800075c                SysTick_Handler
 .text.TIM1_UP_IRQHandler
                0x08000768       0x14 ./Core/Src/stm32f1xx_it.o
                0x08000768                TIM1_UP_IRQHandler
 .text.SystemInit
                0x0800077c        0xc ./Core/Src/system_stm32f1xx.o
                0x0800077c                SystemInit
 .text.Reset_Handler
                0x08000788       0x48 ./Core/Startup/startup_stm32f103c8tx.o
                0x08000788                Reset_Handler
 .text.Default_Handler
                0x080007d0        0x2 ./Core/Startup/startup_stm32f103c8tx.o
                0x080007d0                RTC_Alarm_IRQHandler
                0x080007d0                EXTI2_IRQHandler
                0x080007d0                TIM1_CC_IRQHandler
                0x080007d0                PVD_IRQHandler
                0x080007d0                EXTI3_IRQHandler
                0x080007d0                EXTI0_IRQHandler
                0x080007d0                I2C2_EV_IRQHandler
                0x080007d0                ADC1_2_IRQHandler
                0x080007d0                SPI1_IRQHandler
                0x080007d0                TAMPER_IRQHandler
                0x080007d0                DMA1_Channel4_IRQHandler
                0x080007d0                USART3_IRQHandler
                0x080007d0                RTC_IRQHandler
                0x080007d0                DMA1_Channel7_IRQHandler
                0x080007d0                CAN1_RX1_IRQHandler
                0x080007d0                TIM4_IRQHandler
                0x080007d0                I2C1_EV_IRQHandler
                0x080007d0                DMA1_Channel6_IRQHandler
                0x080007d0                TIM3_IRQHandler
                0x080007d0                RCC_IRQHandler
                0x080007d0                TIM1_TRG_COM_IRQHandler
                0x080007d0                DMA1_Channel1_IRQHandler
                0x080007d0                Default_Handler
                0x080007d0                EXTI15_10_IRQHandler
                0x080007d0                EXTI9_5_IRQHandler
                0x080007d0                SPI2_IRQHandler
                0x080007d0                DMA1_Channel5_IRQHandler
                0x080007d0                EXTI4_IRQHandler
                0x080007d0                USB_LP_CAN1_RX0_IRQHandler
                0x080007d0                USB_HP_CAN1_TX_IRQHandler
                0x080007d0                DMA1_Channel3_IRQHandler
                0x080007d0                WWDG_IRQHandler
                0x080007d0                TIM2_IRQHandler
                0x080007d0                TIM1_BRK_IRQHandler
                0x080007d0                EXTI1_IRQHandler
                0x080007d0                USART2_IRQHandler
                0x080007d0                I2C2_ER_IRQHandler
                0x080007d0                DMA1_Channel2_IRQHandler
                0x080007d0                CAN1_SCE_IRQHandler
                0x080007d0                FLASH_IRQHandler
                0x080007d0                USART1_IRQHandler
                0x080007d0                I2C1_ER_IRQHandler
                0x080007d0                USBWakeUp_IRQHandler
 *fill*         0x080007d2        0x2 
 .text.HAL_Init
                0x080007d4       0x2c ./Drivers/STM32F1xx_HAL_Driver/Src/stm32f1xx_hal.o
                0x080007d4                HAL_Init
 .text.HAL_InitTick
                0x08000800       0x60 ./Drivers/STM32F1xx_HAL_Driver/Src/stm32f1xx_hal.o
                0x08000800                HAL_InitTick
 .text.HAL_IncTick
                0x08000860       0x24 ./Drivers/STM32F1xx_HAL_Driver/Src/stm32f1xx_hal.o
                0x08000860                HAL_IncTick
 .text.HAL_GetTick
                0x08000884       0x14 ./Drivers/STM32F1xx_HAL_Driver/Src/stm32f1xx_hal.o
                0x08000884                HAL_GetTick
 .text.__NVIC_SetPriorityGrouping
                0x08000898       0x48 ./Drivers/STM32F1xx_HAL_Driver/Src/stm32f1xx_hal_cortex.o
 .text.__NVIC_GetPriorityGrouping
                0x080008e0       0x1c ./Drivers/STM32F1xx_HAL_Driver/Src/stm32f1xx_hal_cortex.o
 .text.__NVIC_EnableIRQ
                0x080008fc       0x38 ./Drivers/STM32F1xx_HAL_Driver/Src/stm32f1xx_hal_cortex.o
 .text.__NVIC_SetPriority
                0x08000934       0x54 ./Drivers/STM32F1xx_HAL_Driver/Src/stm32f1xx_hal_cortex.o
 .text.NVIC_EncodePriority
                0x08000988       0x64 ./Drivers/STM32F1xx_HAL_Driver/Src/stm32f1xx_hal_cortex.o
 .text.SysTick_Config
                0x080009ec       0x44 ./Drivers/STM32F1xx_HAL_Driver/Src/stm32f1xx_hal_cortex.o
 .text.HAL_NVIC_SetPriorityGrouping
                0x08000a30       0x16 ./Drivers/STM32F1xx_HAL_Driver/Src/stm32f1xx_hal_cortex.o
                0x08000a30                HAL_NVIC_SetPriorityGrouping
 .text.HAL_NVIC_SetPriority
                0x08000a46       0x38 ./Drivers/STM32F1xx_HAL_Driver/Src/stm32f1xx_hal_cortex.o
                0x08000a46                HAL_NVIC_SetPriority
 .text.HAL_NVIC_EnableIRQ
                0x08000a7e       0x1c ./Drivers/STM32F1xx_HAL_Driver/Src/stm32f1xx_hal_cortex.o
                0x08000a7e                HAL_NVIC_EnableIRQ
 .text.HAL_SYSTICK_Config
                0x08000a9a       0x18 ./Drivers/STM32F1xx_HAL_Driver/Src/stm32f1xx_hal_cortex.o
                0x08000a9a                HAL_SYSTICK_Config
 *fill*         0x08000ab2        0x2 
 .text.HAL_GPIO_Init
                0x08000ab4      0x308 ./Drivers/STM32F1xx_HAL_Driver/Src/stm32f1xx_hal_gpio.o
                0x08000ab4                HAL_GPIO_Init
 .text.HAL_GPIO_ReadPin
                0x08000dbc       0x2e ./Drivers/STM32F1xx_HAL_Driver/Src/stm32f1xx_hal_gpio.o
                0x08000dbc                HAL_GPIO_ReadPin
 .text.HAL_GPIO_WritePin
                0x08000dea       0x30 ./Drivers/STM32F1xx_HAL_Driver/Src/stm32f1xx_hal_gpio.o
                0x08000dea                HAL_GPIO_WritePin
 *fill*         0x08000e1a        0x2 
 .text.HAL_I2C_Init
                0x08000e1c      0x288 ./Drivers/STM32F1xx_HAL_Driver/Src/stm32f1xx_hal_i2c.o
                0x08000e1c                HAL_I2C_Init
 .text.HAL_I2C_Master_Transmit
                0x080010a4      0x1fc ./Drivers/STM32F1xx_HAL_Driver/Src/stm32f1xx_hal_i2c.o
                0x080010a4                HAL_I2C_Master_Transmit
 .text.I2C_MasterRequestWrite
                0x080012a0      0x104 ./Drivers/STM32F1xx_HAL_Driver/Src/stm32f1xx_hal_i2c.o
 .text.I2C_WaitOnFlagUntilTimeout
                0x080013a4       0xf4 ./Drivers/STM32F1xx_HAL_Driver/Src/stm32f1xx_hal_i2c.o
 .text.I2C_WaitOnMasterAddressFlagUntilTimeout
                0x08001498      0x140 ./Drivers/STM32F1xx_HAL_Driver/Src/stm32f1xx_hal_i2c.o
 .text.I2C_WaitOnTXEFlagUntilTimeout
                0x080015d8       0x90 ./Drivers/STM32F1xx_HAL_Driver/Src/stm32f1xx_hal_i2c.o
 .text.I2C_WaitOnBTFFlagUntilTimeout
                0x08001668       0x90 ./Drivers/STM32F1xx_HAL_Driver/Src/stm32f1xx_hal_i2c.o
 .text.I2C_IsAcknowledgeFailed
                0x080016f8       0x5c ./Drivers/STM32F1xx_HAL_Driver/Src/stm32f1xx_hal_i2c.o
 .text.HAL_RCC_OscConfig
                0x08001754      0x504 ./Drivers/STM32F1xx_HAL_Driver/Src/stm32f1xx_hal_rcc.o
                0x08001754                HAL_RCC_OscConfig
 .text.HAL_RCC_ClockConfig
                0x08001c58      0x1d4 ./Drivers/STM32F1xx_HAL_Driver/Src/stm32f1xx_hal_rcc.o
                0x08001c58                HAL_RCC_ClockConfig
 .text.HAL_RCC_GetSysClockFreq
                0x08001e2c       0xa8 ./Drivers/STM32F1xx_HAL_Driver/Src/stm32f1xx_hal_rcc.o
                0x08001e2c                HAL_RCC_GetSysClockFreq
 .text.HAL_RCC_GetHCLKFreq
                0x08001ed4       0x14 ./Drivers/STM32F1xx_HAL_Driver/Src/stm32f1xx_hal_rcc.o
                0x08001ed4                HAL_RCC_GetHCLKFreq
 .text.HAL_RCC_GetPCLK1Freq
                0x08001ee8       0x28 ./Drivers/STM32F1xx_HAL_Driver/Src/stm32f1xx_hal_rcc.o
                0x08001ee8                HAL_RCC_GetPCLK1Freq
 .text.RCC_Delay
                0x08001f10       0x3c ./Drivers/STM32F1xx_HAL_Driver/Src/stm32f1xx_hal_rcc.o
 .text.HAL_TIM_Base_Init
                0x08001f4c       0x9e ./Drivers/STM32F1xx_HAL_Driver/Src/stm32f1xx_hal_tim.o
                0x08001f4c                HAL_TIM_Base_Init
 *fill*         0x08001fea        0x2 
 .text.HAL_TIM_Base_Start_IT
                0x08001fec       0xa4 ./Drivers/STM32F1xx_HAL_Driver/Src/stm32f1xx_hal_tim.o
                0x08001fec                HAL_TIM_Base_Start_IT
 .text.HAL_TIM_PWM_Init
                0x08002090       0x9e ./Drivers/STM32F1xx_HAL_Driver/Src/stm32f1xx_hal_tim.o
                0x08002090                HAL_TIM_PWM_Init
 .text.HAL_TIM_PWM_MspInit
                0x0800212e       0x12 ./Drivers/STM32F1xx_HAL_Driver/Src/stm32f1xx_hal_tim.o
                0x0800212e                HAL_TIM_PWM_MspInit
 .text.HAL_TIM_IRQHandler
                0x08002140      0x1e0 ./Drivers/STM32F1xx_HAL_Driver/Src/stm32f1xx_hal_tim.o
                0x08002140                HAL_TIM_IRQHandler
 .text.HAL_TIM_PWM_ConfigChannel
                0x08002320      0x184 ./Drivers/STM32F1xx_HAL_Driver/Src/stm32f1xx_hal_tim.o
                0x08002320                HAL_TIM_PWM_ConfigChannel
 .text.HAL_TIM_ConfigClockSource
                0x080024a4      0x18e ./Drivers/STM32F1xx_HAL_Driver/Src/stm32f1xx_hal_tim.o
                0x080024a4                HAL_TIM_ConfigClockSource
 .text.HAL_TIM_OC_DelayElapsedCallback
                0x08002632       0x12 ./Drivers/STM32F1xx_HAL_Driver/Src/stm32f1xx_hal_tim.o
                0x08002632                HAL_TIM_OC_DelayElapsedCallback
 .text.HAL_TIM_IC_CaptureCallback
                0x08002644       0x12 ./Drivers/STM32F1xx_HAL_Driver/Src/stm32f1xx_hal_tim.o
                0x08002644                HAL_TIM_IC_CaptureCallback
 .text.HAL_TIM_PWM_PulseFinishedCallback
                0x08002656       0x12 ./Drivers/STM32F1xx_HAL_Driver/Src/stm32f1xx_hal_tim.o
                0x08002656                HAL_TIM_PWM_PulseFinishedCallback
 .text.HAL_TIM_TriggerCallback
                0x08002668       0x12 ./Drivers/STM32F1xx_HAL_Driver/Src/stm32f1xx_hal_tim.o
                0x08002668                HAL_TIM_TriggerCallback
 *fill*         0x0800267a        0x2 
 .text.TIM_Base_SetConfig
                0x0800267c       0xdc ./Drivers/STM32F1xx_HAL_Driver/Src/stm32f1xx_hal_tim.o
                0x0800267c                TIM_Base_SetConfig
 .text.TIM_OC1_SetConfig
                0x08002758       0xcc ./Drivers/STM32F1xx_HAL_Driver/Src/stm32f1xx_hal_tim.o
 .text.TIM_OC2_SetConfig
                0x08002824       0xd4 ./Drivers/STM32F1xx_HAL_Driver/Src/stm32f1xx_hal_tim.o
                0x08002824                TIM_OC2_SetConfig
 .text.TIM_OC3_SetConfig
                0x080028f8       0xd4 ./Drivers/STM32F1xx_HAL_Driver/Src/stm32f1xx_hal_tim.o
 .text.TIM_OC4_SetConfig
                0x080029cc       0x9c ./Drivers/STM32F1xx_HAL_Driver/Src/stm32f1xx_hal_tim.o
 .text.TIM_TI1_ConfigInputStage
                0x08002a68       0x5c ./Drivers/STM32F1xx_HAL_Driver/Src/stm32f1xx_hal_tim.o
 .text.TIM_TI2_ConfigInputStage
                0x08002ac4       0x5e ./Drivers/STM32F1xx_HAL_Driver/Src/stm32f1xx_hal_tim.o
 .text.TIM_ITRx_SetConfig
                0x08002b22       0x34 ./Drivers/STM32F1xx_HAL_Driver/Src/stm32f1xx_hal_tim.o
 .text.TIM_ETR_SetConfig
                0x08002b56       0x3e ./Drivers/STM32F1xx_HAL_Driver/Src/stm32f1xx_hal_tim.o
                0x08002b56                TIM_ETR_SetConfig
 .text.HAL_TIMEx_MasterConfigSynchronization
                0x08002b94       0xbc ./Drivers/STM32F1xx_HAL_Driver/Src/stm32f1xx_hal_tim_ex.o
                0x08002b94                HAL_TIMEx_MasterConfigSynchronization
 .text.HAL_TIMEx_CommutCallback
                0x08002c50       0x12 ./Drivers/STM32F1xx_HAL_Driver/Src/stm32f1xx_hal_tim_ex.o
                0x08002c50                HAL_TIMEx_CommutCallback
 .text.HAL_TIMEx_BreakCallback
                0x08002c62       0x12 ./Drivers/STM32F1xx_HAL_Driver/Src/stm32f1xx_hal_tim_ex.o
                0x08002c62                HAL_TIMEx_BreakCallback
 .text.AlarmStateAction
                0x08002c74       0x88 ./Libraries/Application/Src/Controller/AlarmCtrl.o
                0x08002c74                AlarmStateAction
 .text.AlarmState
                0x08002cfc      0x628 ./Libraries/Application/Src/Controller/AlarmCtrl.o
                0x08002cfc                AlarmState
 .text.FlashState
                0x08003324       0xec ./Libraries/Application/Src/Controller/FlashCtrl.o
                0x08003324                FlashState
 .text.FlastStateAction
                0x08003410       0x7c ./Libraries/Application/Src/Controller/FlashCtrl.o
                0x08003410                FlastStateAction
 .text.IdlingStateAction
                0x0800348c       0x26 ./Libraries/Application/Src/Controller/IdlingCtrl.o
                0x0800348c                IdlingStateAction
 .text.MenuStateAction
                0x080034b2       0x34 ./Libraries/Application/Src/Controller/MenuCtrl.o
                0x080034b2                MenuStateAction
 *fill*         0x080034e6        0x2 
 .text.MainStateMachine
                0x080034e8      0x138 ./Libraries/Application/Src/Controller/StateCtrl.o
                0x080034e8                MainStateMachine
 .text.MainStateAction
                0x08003620       0x90 ./Libraries/Application/Src/Controller/StateCtrl.o
                0x08003620                MainStateAction
 .text.GotoXP   0x080036b0       0x2c ./Libraries/Application/Src/ScreenUtilities.o
                0x080036b0                GotoXP
 .text.NextPosition
                0x080036dc       0x58 ./Libraries/Application/Src/ScreenUtilities.o
                0x080036dc                NextPosition
 .text.WriteCol
                0x08003734       0x40 ./Libraries/Application/Src/ScreenUtilities.o
                0x08003734                WriteCol
 .text.WriteChar
                0x08003774       0x48 ./Libraries/Application/Src/ScreenUtilities.o
                0x08003774                WriteChar
 .text.WriteString
                0x080037bc       0x38 ./Libraries/Application/Src/ScreenUtilities.o
                0x080037bc                WriteString
 .text.DeleteString
                0x080037f4       0x42 ./Libraries/Application/Src/ScreenUtilities.o
                0x080037f4                DeleteString
 .text.SolidFill
                0x08003836       0x52 ./Libraries/Application/Src/ScreenUtilities.o
                0x08003836                SolidFill
 .text.DrawIcon
                0x08003888       0x38 ./Libraries/Application/Src/ScreenUtilities.o
                0x08003888                DrawIcon
 .text.DrawImage
                0x080038c0       0x78 ./Libraries/Application/Src/ScreenUtilities.o
                0x080038c0                DrawImage
 .text.InverseImage
                0x08003938       0x84 ./Libraries/Application/Src/ScreenUtilities.o
                0x08003938                InverseImage
 .text.UpdateScreen
                0x080039bc       0x20 ./Libraries/Application/Src/ScreenUtilities.o
                0x080039bc                UpdateScreen
 .text.DispAlarmLine
                0x080039dc      0x358 ./Libraries/Application/Src/View/AlarmView.o
                0x080039dc                DispAlarmLine
 .text.DispFlashLine
                0x08003d34       0xcc ./Libraries/Application/Src/View/FlashView.o
                0x08003d34                DispFlashLine
 .text.FlashModeLight
                0x08003e00        0xe ./Libraries/Application/Src/View/FlashView.o
                0x08003e00                FlashModeLight
 .text.FlashModeBlink
                0x08003e0e        0xc ./Libraries/Application/Src/View/FlashView.o
                0x08003e0e                FlashModeBlink
 .text.FlashModeSOS
                0x08003e1a        0xc ./Libraries/Application/Src/View/FlashView.o
                0x08003e1a                FlashModeSOS
 *fill*         0x08003e26        0x2 
 .text.DispTopRightIcon
                0x08003e28      0x114 ./Libraries/Application/Src/View/GeneralDisplay.o
                0x08003e28                DispTopRightIcon
 .text.DispBotTime
                0x08003f3c      0x10c ./Libraries/Application/Src/View/GeneralDisplay.o
                0x08003f3c                DispBotTime
 .text.DispMainTime
                0x08004048      0x628 ./Libraries/Application/Src/View/IdlingView.o
                0x08004048                DispMainTime
 .text.DispMenuName
                0x08004670      0x104 ./Libraries/Application/Src/View/MenuView.o
                0x08004670                DispMenuName
 .text.DispMenuIcon
                0x08004774      0x114 ./Libraries/Application/Src/View/MenuView.o
                0x08004774                DispMenuIcon
 .text.Beep_Init
                0x08004888       0x28 ./Libraries/Firmware/Src/Beep_pwm.o
                0x08004888                Beep_Init
 .text.Button_Init
                0x080048b0       0x5c ./Libraries/Firmware/Src/Button_gpio.o
                0x080048b0                Button_Init
 .text.Button_ExePush
                0x0800490c       0x88 ./Libraries/Firmware/Src/Button_gpio.o
                0x0800490c                Button_ExePush
 .text.Button_ExeUp
                0x08004994       0x88 ./Libraries/Firmware/Src/Button_gpio.o
                0x08004994                Button_ExeUp
 .text.Button_ExeDown
                0x08004a1c       0x88 ./Libraries/Firmware/Src/Button_gpio.o
                0x08004a1c                Button_ExeDown
 .text.Led_Init
                0x08004aa4       0x48 ./Libraries/Firmware/Src/Led_gpio.o
                0x08004aa4                Led_Init
 .text.Oled_Init
                0x08004aec      0x1c0 ./Libraries/Firmware/Src/Oled_sh1106_i2c.o
                0x08004aec                Oled_Init
 .text.Oled_Update
                0x08004cac       0xf8 ./Libraries/Firmware/Src/Oled_sh1106_i2c.o
                0x08004cac                Oled_Update
 .text.Oled_WriteCmd
                0x08004da4       0x5c ./Libraries/Firmware/Src/Oled_sh1106_i2c.o
                0x08004da4                Oled_WriteCmd
 .text.Rtc_Init
                0x08004e00       0x20 ./Libraries/Firmware/Src/Rtc_ds1307_i2c.o
                0x08004e00                Rtc_Init
 .text.memset   0x08004e20       0x10 C:/Program Files/STM32CubeIDE_1.17.0/STM32CubeIDE/plugins/com.st.stm32cube.ide.mcu.externaltools.gnu-tools-for-stm32.12.3.rel1.win32_1.1.0.202410251130/tools/bin/../lib/gcc/arm-none-eabi/12.3.1/../../../../arm-none-eabi/lib/thumb/v7-m/nofp\libc_nano.a(libc_a-memset.o)
                0x08004e20                memset
 .text.__libc_init_array
                0x08004e30       0x48 C:/Program Files/STM32CubeIDE_1.17.0/STM32CubeIDE/plugins/com.st.stm32cube.ide.mcu.externaltools.gnu-tools-for-stm32.12.3.rel1.win32_1.1.0.202410251130/tools/bin/../lib/gcc/arm-none-eabi/12.3.1/../../../../arm-none-eabi/lib/thumb/v7-m/nofp\libc_nano.a(libc_a-init.o)
                0x08004e30                __libc_init_array
 *(.glue_7)
 .glue_7        0x08004e78        0x0 linker stubs
 *(.glue_7t)
 .glue_7t       0x08004e78        0x0 linker stubs
 *(.eh_frame)
 .eh_frame      0x08004e78        0x0 C:/Program Files/STM32CubeIDE_1.17.0/STM32CubeIDE/plugins/com.st.stm32cube.ide.mcu.externaltools.gnu-tools-for-stm32.12.3.rel1.win32_1.1.0.202410251130/tools/bin/../lib/gcc/arm-none-eabi/12.3.1/thumb/v7-m/nofp/crtbegin.o
 *(.init)
 .init          0x08004e78        0x4 C:/Program Files/STM32CubeIDE_1.17.0/STM32CubeIDE/plugins/com.st.stm32cube.ide.mcu.externaltools.gnu-tools-for-stm32.12.3.rel1.win32_1.1.0.202410251130/tools/bin/../lib/gcc/arm-none-eabi/12.3.1/thumb/v7-m/nofp/crti.o
                0x08004e78                _init
 .init          0x08004e7c        0x8 C:/Program Files/STM32CubeIDE_1.17.0/STM32CubeIDE/plugins/com.st.stm32cube.ide.mcu.externaltools.gnu-tools-for-stm32.12.3.rel1.win32_1.1.0.202410251130/tools/bin/../lib/gcc/arm-none-eabi/12.3.1/thumb/v7-m/nofp/crtn.o
 *(.fini)
 .fini          0x08004e84        0x4 C:/Program Files/STM32CubeIDE_1.17.0/STM32CubeIDE/plugins/com.st.stm32cube.ide.mcu.externaltools.gnu-tools-for-stm32.12.3.rel1.win32_1.1.0.202410251130/tools/bin/../lib/gcc/arm-none-eabi/12.3.1/thumb/v7-m/nofp/crti.o
                0x08004e84                _fini
 .fini          0x08004e88        0x8 C:/Program Files/STM32CubeIDE_1.17.0/STM32CubeIDE/plugins/com.st.stm32cube.ide.mcu.externaltools.gnu-tools-for-stm32.12.3.rel1.win32_1.1.0.202410251130/tools/bin/../lib/gcc/arm-none-eabi/12.3.1/thumb/v7-m/nofp/crtn.o
                0x08004e90                        . = ALIGN (0x4)
                0x08004e90                        _etext = .

.vfp11_veneer   0x08004e90        0x0
 .vfp11_veneer  0x08004e90        0x0 linker stubs

.v4_bx          0x08004e90        0x0
 .v4_bx         0x08004e90        0x0 linker stubs

.iplt           0x08004e90        0x0
 .iplt          0x08004e90        0x0 C:/Program Files/STM32CubeIDE_1.17.0/STM32CubeIDE/plugins/com.st.stm32cube.ide.mcu.externaltools.gnu-tools-for-stm32.12.3.rel1.win32_1.1.0.202410251130/tools/bin/../lib/gcc/arm-none-eabi/12.3.1/thumb/v7-m/nofp/crtbegin.o

.rodata         0x08004e90      0xa5c
                0x08004e90                        . = ALIGN (0x4)
 *(.rodata)
 .rodata        0x08004e90       0x15 ./Libraries/Application/Src/View/AlarmView.o
 *fill*         0x08004ea5        0x3 
 .rodata        0x08004ea8       0x31 ./Libraries/Application/Src/View/FlashView.o
 *fill*         0x08004ed9        0x3 
 .rodata        0x08004edc        0x4 ./Libraries/Application/Src/View/GeneralDisplay.o
 .rodata        0x08004ee0       0x4e ./Libraries/Application/Src/View/MenuView.o
 *(.rodata*)
 *fill*         0x08004f2e        0x2 
 .rodata.AHBPrescTable
                0x08004f30       0x10 ./Core/Src/system_stm32f1xx.o
                0x08004f30                AHBPrescTable
 .rodata.APBPrescTable
                0x08004f40        0x8 ./Core/Src/system_stm32f1xx.o
                0x08004f40                APBPrescTable
 .rodata.aPLLMULFactorTable.1
                0x08004f48       0x10 ./Drivers/STM32F1xx_HAL_Driver/Src/stm32f1xx_hal_rcc.o
 .rodata.aPredivFactorTable.0
                0x08004f58        0x2 ./Drivers/STM32F1xx_HAL_Driver/Src/stm32f1xx_hal_rcc.o
 *fill*         0x08004f5a        0x2 
 .rodata.fonta  0x08004f5c      0x234 ./Libraries/Application/Src/ScreenUtilities.o
 .rodata.IconBattery
                0x08005190        0x8 ./Libraries/Application/Src/View/GeneralDisplay.o
 .rodata.IconCharge
                0x08005198        0x6 ./Libraries/Application/Src/View/GeneralDisplay.o
 *fill*         0x0800519e        0x2 
 .rodata.IconAlarm
                0x080051a0        0x6 ./Libraries/Application/Src/View/GeneralDisplay.o
 *fill*         0x080051a6        0x2 
 .rodata.IconSound
                0x080051a8        0x8 ./Libraries/Application/Src/View/GeneralDisplay.o
 .rodata.IconCount
                0x080051b0        0x8 ./Libraries/Application/Src/View/GeneralDisplay.o
 .rodata.Datetype
                0x080051b8       0x2a ./Libraries/Application/Src/View/GeneralDisplay.o
 *fill*         0x080051e2        0x2 
 .rodata.Zero   0x080051e4       0x48 ./Libraries/Application/Src/View/IdlingView.o
 .rodata.One    0x0800522c       0x48 ./Libraries/Application/Src/View/IdlingView.o
 .rodata.Two    0x08005274       0x48 ./Libraries/Application/Src/View/IdlingView.o
 .rodata.Three  0x080052bc       0x48 ./Libraries/Application/Src/View/IdlingView.o
 .rodata.Four   0x08005304       0x48 ./Libraries/Application/Src/View/IdlingView.o
 .rodata.Five   0x0800534c       0x48 ./Libraries/Application/Src/View/IdlingView.o
 .rodata.Six    0x08005394       0x48 ./Libraries/Application/Src/View/IdlingView.o
 .rodata.Seven  0x080053dc       0x48 ./Libraries/Application/Src/View/IdlingView.o
 .rodata.Eight  0x08005424       0x48 ./Libraries/Application/Src/View/IdlingView.o
 .rodata.Nine   0x0800546c       0x48 ./Libraries/Application/Src/View/IdlingView.o
 .rodata.Zeros  0x080054b4       0x1b ./Libraries/Application/Src/View/IdlingView.o
 *fill*         0x080054cf        0x1 
 .rodata.Ones   0x080054d0       0x1b ./Libraries/Application/Src/View/IdlingView.o
 *fill*         0x080054eb        0x1 
 .rodata.Twos   0x080054ec       0x1b ./Libraries/Application/Src/View/IdlingView.o
 *fill*         0x08005507        0x1 
 .rodata.Threes
                0x08005508       0x1b ./Libraries/Application/Src/View/IdlingView.o
 *fill*         0x08005523        0x1 
 .rodata.Fours  0x08005524       0x1b ./Libraries/Application/Src/View/IdlingView.o
 *fill*         0x0800553f        0x1 
 .rodata.Fives  0x08005540       0x1b ./Libraries/Application/Src/View/IdlingView.o
 *fill*         0x0800555b        0x1 
 .rodata.Sixs   0x0800555c       0x1b ./Libraries/Application/Src/View/IdlingView.o
 *fill*         0x08005577        0x1 
 .rodata.Sevens
                0x08005578       0x1b ./Libraries/Application/Src/View/IdlingView.o
 *fill*         0x08005593        0x1 
 .rodata.Eights
                0x08005594       0x1b ./Libraries/Application/Src/View/IdlingView.o
 *fill*         0x080055af        0x1 
 .rodata.Nines  0x080055b0       0x1b ./Libraries/Application/Src/View/IdlingView.o
 *fill*         0x080055cb        0x1 
 .rodata.Dots   0x080055cc       0x20 ./Libraries/Application/Src/View/IdlingView.o
 .rodata.AlarmMenu
                0x080055ec       0x80 ./Libraries/Application/Src/View/MenuView.o
 .rodata.CounterMenu
                0x0800566c       0x80 ./Libraries/Application/Src/View/MenuView.o
 .rodata.FlashMenu
                0x080056ec       0x80 ./Libraries/Application/Src/View/MenuView.o
 .rodata.SettingMenu
                0x0800576c       0x80 ./Libraries/Application/Src/View/MenuView.o
 .rodata.CreditMenu
                0x080057ec       0x80 ./Libraries/Application/Src/View/MenuView.o
 .rodata.BackMenu
                0x0800586c       0x80 ./Libraries/Application/Src/View/MenuView.o
                0x080058ec                        . = ALIGN (0x4)

.ARM.extab      0x080058ec        0x0
                0x080058ec                        . = ALIGN (0x4)
 *(.ARM.extab* .gnu.linkonce.armextab.*)
                0x080058ec                        . = ALIGN (0x4)

.ARM            0x080058ec        0x0
                0x080058ec                        . = ALIGN (0x4)
                0x080058ec                        __exidx_start = .
 *(.ARM.exidx*)
                0x080058ec                        __exidx_end = .
                0x080058ec                        . = ALIGN (0x4)

.preinit_array  0x080058ec        0x0
                0x080058ec                        . = ALIGN (0x4)
                0x080058ec                        PROVIDE (__preinit_array_start = .)
 *(.preinit_array*)
                0x080058ec                        PROVIDE (__preinit_array_end = .)
                0x080058ec                        . = ALIGN (0x4)

.init_array     0x080058ec        0x4
                0x080058ec                        . = ALIGN (0x4)
                0x080058ec                        PROVIDE (__init_array_start = .)
 *(SORT_BY_NAME(.init_array.*))
 *(.init_array*)
 .init_array    0x080058ec        0x4 C:/Program Files/STM32CubeIDE_1.17.0/STM32CubeIDE/plugins/com.st.stm32cube.ide.mcu.externaltools.gnu-tools-for-stm32.12.3.rel1.win32_1.1.0.202410251130/tools/bin/../lib/gcc/arm-none-eabi/12.3.1/thumb/v7-m/nofp/crtbegin.o
                0x080058f0                        PROVIDE (__init_array_end = .)
                0x080058f0                        . = ALIGN (0x4)

.fini_array     0x080058f0        0x4
                0x080058f0                        . = ALIGN (0x4)
                [!provide]                        PROVIDE (__fini_array_start = .)
 *(SORT_BY_NAME(.fini_array.*))
 *(.fini_array*)
 .fini_array    0x080058f0        0x4 C:/Program Files/STM32CubeIDE_1.17.0/STM32CubeIDE/plugins/com.st.stm32cube.ide.mcu.externaltools.gnu-tools-for-stm32.12.3.rel1.win32_1.1.0.202410251130/tools/bin/../lib/gcc/arm-none-eabi/12.3.1/thumb/v7-m/nofp/crtbegin.o
                [!provide]                        PROVIDE (__fini_array_end = .)
                0x080058f4                        . = ALIGN (0x4)
                0x080058f4                        _sidata = LOADADDR (.data)

.rel.dyn        0x080058f4        0x0
 .rel.iplt      0x080058f4        0x0 C:/Program Files/STM32CubeIDE_1.17.0/STM32CubeIDE/plugins/com.st.stm32cube.ide.mcu.externaltools.gnu-tools-for-stm32.12.3.rel1.win32_1.1.0.202410251130/tools/bin/../lib/gcc/arm-none-eabi/12.3.1/thumb/v7-m/nofp/crtbegin.o

.data           0x20000000       0x1c load address 0x080058f4
                0x20000000                        . = ALIGN (0x4)
                0x20000000                        _sdata = .
 *(.data)
 *(.data*)
 .data.SystemCoreClock
                0x20000000        0x4 ./Core/Src/system_stm32f1xx.o
                0x20000000                SystemCoreClock
 .data.uwTickPrio
                0x20000004        0x4 ./Drivers/STM32F1xx_HAL_Driver/Src/stm32f1xx_hal.o
                0x20000004                uwTickPrio
 .data.uwTickFreq
                0x20000008        0x1 ./Drivers/STM32F1xx_HAL_Driver/Src/stm32f1xx_hal.o
                0x20000008                uwTickFreq
 .data.Alarmline
                0x20000009        0x1 ./Libraries/Application/Src/Controller/AlarmCtrl.o
                0x20000009                Alarmline
 .data.Flashline
                0x2000000a        0x1 ./Libraries/Application/Src/Controller/FlashCtrl.o
                0x2000000a                Flashline
 .data.uFuncMenu
                0x2000000b        0x1 ./Libraries/Application/Src/Controller/StateCtrl.o
                0x2000000b                uFuncMenu
 .data.stCurrentTime
                0x2000000c        0xd ./Libraries/Application/Src/Controller/StateCtrl.o
                0x2000000c                stCurrentTime
 *(.RamFunc)
 *(.RamFunc*)
                0x2000001c                        . = ALIGN (0x4)
 *fill*         0x20000019        0x3 
                0x2000001c                        _edata = .

.igot.plt       0x2000001c        0x0 load address 0x08005910
 .igot.plt      0x2000001c        0x0 C:/Program Files/STM32CubeIDE_1.17.0/STM32CubeIDE/plugins/com.st.stm32cube.ide.mcu.externaltools.gnu-tools-for-stm32.12.3.rel1.win32_1.1.0.202410251130/tools/bin/../lib/gcc/arm-none-eabi/12.3.1/thumb/v7-m/nofp/crtbegin.o
                0x2000001c                        . = ALIGN (0x4)

.bss            0x2000001c      0x570 load address 0x08005910
                0x2000001c                        _sbss = .
                0x2000001c                        __bss_start__ = _sbss
 *(.bss)
 .bss           0x2000001c       0x1c C:/Program Files/STM32CubeIDE_1.17.0/STM32CubeIDE/plugins/com.st.stm32cube.ide.mcu.externaltools.gnu-tools-for-stm32.12.3.rel1.win32_1.1.0.202410251130/tools/bin/../lib/gcc/arm-none-eabi/12.3.1/thumb/v7-m/nofp/crtbegin.o
 *(.bss*)
 .bss.hi2c1     0x20000038       0x54 ./Core/Src/main.o
                0x20000038                hi2c1
 .bss.htim1     0x2000008c       0x48 ./Core/Src/main.o
                0x2000008c                htim1
 .bss.htim3     0x200000d4       0x48 ./Core/Src/main.o
                0x200000d4                htim3
 .bss.updatescreen
                0x2000011c        0x1 ./Core/Src/main.o
                0x2000011c                updatescreen
 *fill*         0x2000011d        0x3 
 .bss.uwTick    0x20000120        0x4 ./Drivers/STM32F1xx_HAL_Driver/Src/stm32f1xx_hal.o
                0x20000120                uwTick
 .bss.AlarmPos  0x20000124        0x1 ./Libraries/Application/Src/Controller/AlarmCtrl.o
                0x20000124                AlarmPos
 .bss.FlashOn   0x20000125        0x1 ./Libraries/Application/Src/Controller/FlashCtrl.o
                0x20000125                FlashOn
 .bss.lastState.0
                0x20000126        0x1 ./Libraries/Application/Src/Controller/FlashCtrl.o
 .bss.uStateLevel
                0x20000127        0x1 ./Libraries/Application/Src/Controller/StateCtrl.o
                0x20000127                uStateLevel
 .bss.uNumIcon  0x20000128        0x1 ./Libraries/Application/Src/Controller/StateCtrl.o
                0x20000128                uNumIcon
 *fill*         0x20000129        0x3 
 .bss.stAlarm1  0x2000012c       0x1e ./Libraries/Application/Src/Controller/StateCtrl.o
                0x2000012c                stAlarm1
 *fill*         0x2000014a        0x2 
 .bss.btnUp     0x2000014c        0x4 ./Libraries/Application/Src/Controller/StateCtrl.o
                0x2000014c                btnUp
 .bss.btnDown   0x20000150        0x4 ./Libraries/Application/Src/Controller/StateCtrl.o
                0x20000150                btnDown
 .bss.btnPush   0x20000154        0x4 ./Libraries/Application/Src/Controller/StateCtrl.o
                0x20000154                btnPush
 .bss.Buffer    0x20000158      0x400 ./Libraries/Application/Src/ScreenUtilities.o
                0x20000158                Buffer
 .bss.Pos       0x20000558        0x2 ./Libraries/Application/Src/ScreenUtilities.o
                0x20000558                Pos
 *fill*         0x2000055a        0x2 
 .bss.pTimCtrlBeep
                0x2000055c        0x4 ./Libraries/Firmware/Src/Beep_pwm.o
                0x2000055c                pTimCtrlBeep
 .bss.uTimChannel
                0x20000560        0x4 ./Libraries/Firmware/Src/Beep_pwm.o
                0x20000560                uTimChannel
 .bss.pGpioCtrlBtnUp
                0x20000564        0x4 ./Libraries/Firmware/Src/Button_gpio.o
                0x20000564                pGpioCtrlBtnUp
 .bss.pGpioCtrlBtnDown
                0x20000568        0x4 ./Libraries/Firmware/Src/Button_gpio.o
                0x20000568                pGpioCtrlBtnDown
 .bss.pGpioCtrlBtnPush
                0x2000056c        0x4 ./Libraries/Firmware/Src/Button_gpio.o
                0x2000056c                pGpioCtrlBtnPush
 .bss.uGpioPinUp
                0x20000570        0x2 ./Libraries/Firmware/Src/Button_gpio.o
                0x20000570                uGpioPinUp
 .bss.uGpioPinDown
                0x20000572        0x2 ./Libraries/Firmware/Src/Button_gpio.o
                0x20000572                uGpioPinDown
 .bss.uGpioPinPush
                0x20000574        0x2 ./Libraries/Firmware/Src/Button_gpio.o
                0x20000574                uGpioPinPush
 *fill*         0x20000576        0x2 
 .bss.pGpioCtrlLed1
                0x20000578        0x4 ./Libraries/Firmware/Src/Led_gpio.o
                0x20000578                pGpioCtrlLed1
 .bss.pGpioCtrlLed2
                0x2000057c        0x4 ./Libraries/Firmware/Src/Led_gpio.o
                0x2000057c                pGpioCtrlLed2
 .bss.uGpioPin1
                0x20000580        0x2 ./Libraries/Firmware/Src/Led_gpio.o
                0x20000580                uGpioPin1
 .bss.uGpioPin2
                0x20000582        0x2 ./Libraries/Firmware/Src/Led_gpio.o
                0x20000582                uGpioPin2
 .bss.pI2cCtrlSh1106
                0x20000584        0x4 ./Libraries/Firmware/Src/Oled_sh1106_i2c.o
                0x20000584                pI2cCtrlSh1106
 .bss.pI2cController
                0x20000588        0x4 ./Libraries/Firmware/Src/Rtc_ds1307_i2c.o
                0x20000588                pI2cController
 *(COMMON)
                0x2000058c                        . = ALIGN (0x4)
                0x2000058c                        _ebss = .
                0x2000058c                        __bss_end__ = _ebss

._user_heap_stack
                0x2000058c      0x604 load address 0x08005910
                0x20000590                        . = ALIGN (0x8)
 *fill*         0x2000058c        0x4 
                [!provide]                        PROVIDE (end = .)
                0x20000590                        PROVIDE (_end = .)
                0x20000790                        . = (. + _Min_Heap_Size)
 *fill*         0x20000590      0x200 
                0x20000b90                        . = (. + _Min_Stack_Size)
 *fill*         0x20000790      0x400 
                0x20000b90                        . = ALIGN (0x8)

/DISCARD/
 libc.a(*)
 libm.a(*)
 libgcc.a(*)

.ARM.attributes
                0x00000000       0x29
 *(.ARM.attributes)
 .ARM.attributes
                0x00000000       0x1d C:/Program Files/STM32CubeIDE_1.17.0/STM32CubeIDE/plugins/com.st.stm32cube.ide.mcu.externaltools.gnu-tools-for-stm32.12.3.rel1.win32_1.1.0.202410251130/tools/bin/../lib/gcc/arm-none-eabi/12.3.1/thumb/v7-m/nofp/crti.o
 .ARM.attributes
                0x0000001d       0x2d C:/Program Files/STM32CubeIDE_1.17.0/STM32CubeIDE/plugins/com.st.stm32cube.ide.mcu.externaltools.gnu-tools-for-stm32.12.3.rel1.win32_1.1.0.202410251130/tools/bin/../lib/gcc/arm-none-eabi/12.3.1/thumb/v7-m/nofp/crtbegin.o
 .ARM.attributes
                0x0000004a       0x2d ./Core/Src/main.o
 .ARM.attributes
                0x00000077       0x2d ./Core/Src/stm32f1xx_hal_msp.o
 .ARM.attributes
                0x000000a4       0x2d ./Core/Src/stm32f1xx_it.o
 .ARM.attributes
                0x000000d1       0x2d ./Core/Src/system_stm32f1xx.o
 .ARM.attributes
                0x000000fe       0x21 ./Core/Startup/startup_stm32f103c8tx.o
 .ARM.attributes
                0x0000011f       0x2d ./Drivers/STM32F1xx_HAL_Driver/Src/stm32f1xx_hal.o
 .ARM.attributes
                0x0000014c       0x2d ./Drivers/STM32F1xx_HAL_Driver/Src/stm32f1xx_hal_cortex.o
 .ARM.attributes
                0x00000179       0x2d ./Drivers/STM32F1xx_HAL_Driver/Src/stm32f1xx_hal_gpio.o
 .ARM.attributes
                0x000001a6       0x2d ./Drivers/STM32F1xx_HAL_Driver/Src/stm32f1xx_hal_i2c.o
 .ARM.attributes
                0x000001d3       0x2d ./Drivers/STM32F1xx_HAL_Driver/Src/stm32f1xx_hal_rcc.o
 .ARM.attributes
                0x00000200       0x2d ./Drivers/STM32F1xx_HAL_Driver/Src/stm32f1xx_hal_tim.o
 .ARM.attributes
                0x0000022d       0x2d ./Drivers/STM32F1xx_HAL_Driver/Src/stm32f1xx_hal_tim_ex.o
 .ARM.attributes
                0x0000025a       0x2d ./Libraries/Application/Src/Controller/AlarmCtrl.o
 .ARM.attributes
                0x00000287       0x2d ./Libraries/Application/Src/Controller/FlashCtrl.o
 .ARM.attributes
                0x000002b4       0x2d ./Libraries/Application/Src/Controller/IdlingCtrl.o
 .ARM.attributes
                0x000002e1       0x2d ./Libraries/Application/Src/Controller/MenuCtrl.o
 .ARM.attributes
                0x0000030e       0x2d ./Libraries/Application/Src/Controller/StateCtrl.o
 .ARM.attributes
                0x0000033b       0x2d ./Libraries/Application/Src/ScreenUtilities.o
 .ARM.attributes
                0x00000368       0x2d ./Libraries/Application/Src/View/AlarmView.o
 .ARM.attributes
                0x00000395       0x2d ./Libraries/Application/Src/View/FlashView.o
 .ARM.attributes
                0x000003c2       0x2d ./Libraries/Application/Src/View/GeneralDisplay.o
 .ARM.attributes
                0x000003ef       0x2d ./Libraries/Application/Src/View/IdlingView.o
 .ARM.attributes
                0x0000041c       0x2d ./Libraries/Application/Src/View/MenuView.o
 .ARM.attributes
                0x00000449       0x2d ./Libraries/Firmware/Src/Beep_pwm.o
 .ARM.attributes
                0x00000476       0x2d ./Libraries/Firmware/Src/Button_gpio.o
 .ARM.attributes
                0x000004a3       0x2d ./Libraries/Firmware/Src/Led_gpio.o
 .ARM.attributes
                0x000004d0       0x2d ./Libraries/Firmware/Src/Oled_sh1106_i2c.o
 .ARM.attributes
                0x000004fd       0x2d ./Libraries/Firmware/Src/Rtc_ds1307_i2c.o
 .ARM.attributes
                0x0000052a       0x2d C:/Program Files/STM32CubeIDE_1.17.0/STM32CubeIDE/plugins/com.st.stm32cube.ide.mcu.externaltools.gnu-tools-for-stm32.12.3.rel1.win32_1.1.0.202410251130/tools/bin/../lib/gcc/arm-none-eabi/12.3.1/../../../../arm-none-eabi/lib/thumb/v7-m/nofp\libc_nano.a(libc_a-memset.o)
 .ARM.attributes
                0x00000557       0x2d C:/Program Files/STM32CubeIDE_1.17.0/STM32CubeIDE/plugins/com.st.stm32cube.ide.mcu.externaltools.gnu-tools-for-stm32.12.3.rel1.win32_1.1.0.202410251130/tools/bin/../lib/gcc/arm-none-eabi/12.3.1/../../../../arm-none-eabi/lib/thumb/v7-m/nofp\libc_nano.a(libc_a-init.o)
 .ARM.attributes
                0x00000584       0x1d C:/Program Files/STM32CubeIDE_1.17.0/STM32CubeIDE/plugins/com.st.stm32cube.ide.mcu.externaltools.gnu-tools-for-stm32.12.3.rel1.win32_1.1.0.202410251130/tools/bin/../lib/gcc/arm-none-eabi/12.3.1/thumb/v7-m/nofp/crtn.o
OUTPUT(Donghodeotay_STM32.elf elf32-littlearm)
LOAD linker stubs
LOAD C:/Program Files/STM32CubeIDE_1.17.0/STM32CubeIDE/plugins/com.st.stm32cube.ide.mcu.externaltools.gnu-tools-for-stm32.12.3.rel1.win32_1.1.0.202410251130/tools/bin/../lib/gcc/arm-none-eabi/12.3.1/../../../../arm-none-eabi/lib/thumb/v7-m/nofp\libc.a
LOAD C:/Program Files/STM32CubeIDE_1.17.0/STM32CubeIDE/plugins/com.st.stm32cube.ide.mcu.externaltools.gnu-tools-for-stm32.12.3.rel1.win32_1.1.0.202410251130/tools/bin/../lib/gcc/arm-none-eabi/12.3.1/../../../../arm-none-eabi/lib/thumb/v7-m/nofp\libm.a
LOAD C:/Program Files/STM32CubeIDE_1.17.0/STM32CubeIDE/plugins/com.st.stm32cube.ide.mcu.externaltools.gnu-tools-for-stm32.12.3.rel1.win32_1.1.0.202410251130/tools/bin/../lib/gcc/arm-none-eabi/12.3.1/thumb/v7-m/nofp\libgcc.a

.debug_info     0x00000000     0xef8a
 .debug_info    0x00000000     0x1496 ./Core/Src/main.o
 .debug_info    0x00001496      0xde2 ./Core/Src/stm32f1xx_hal_msp.o
 .debug_info    0x00002278      0x6a1 ./Core/Src/stm32f1xx_it.o
 .debug_info    0x00002919      0x222 ./Core/Src/system_stm32f1xx.o
 .debug_info    0x00002b3b       0x30 ./Core/Startup/startup_stm32f103c8tx.o
 .debug_info    0x00002b6b      0x704 ./Drivers/STM32F1xx_HAL_Driver/Src/stm32f1xx_hal.o
 .debug_info    0x0000326f      0xa87 ./Drivers/STM32F1xx_HAL_Driver/Src/stm32f1xx_hal_cortex.o
 .debug_info    0x00003cf6      0x5ab ./Drivers/STM32F1xx_HAL_Driver/Src/stm32f1xx_hal_gpio.o
 .debug_info    0x000042a1     0x2524 ./Drivers/STM32F1xx_HAL_Driver/Src/stm32f1xx_hal_i2c.o
 .debug_info    0x000067c5      0x7d5 ./Drivers/STM32F1xx_HAL_Driver/Src/stm32f1xx_hal_rcc.o
 .debug_info    0x00006f9a     0x2959 ./Drivers/STM32F1xx_HAL_Driver/Src/stm32f1xx_hal_tim.o
 .debug_info    0x000098f3     0x149b ./Drivers/STM32F1xx_HAL_Driver/Src/stm32f1xx_hal_tim_ex.o
 .debug_info    0x0000ad8e      0x44f ./Libraries/Application/Src/Controller/AlarmCtrl.o
 .debug_info    0x0000b1dd      0x2d1 ./Libraries/Application/Src/Controller/FlashCtrl.o
 .debug_info    0x0000b4ae      0x45e ./Libraries/Application/Src/Controller/IdlingCtrl.o
 .debug_info    0x0000b90c      0x2d9 ./Libraries/Application/Src/Controller/MenuCtrl.o
 .debug_info    0x0000bbe5      0x70e ./Libraries/Application/Src/Controller/StateCtrl.o
 .debug_info    0x0000c2f3      0x45b ./Libraries/Application/Src/ScreenUtilities.o
 .debug_info    0x0000c74e      0x1d6 ./Libraries/Application/Src/View/AlarmView.o
 .debug_info    0x0000c924      0x179 ./Libraries/Application/Src/View/FlashView.o
 .debug_info    0x0000ca9d      0x321 ./Libraries/Application/Src/View/GeneralDisplay.o
 .debug_info    0x0000cdbe      0x367 ./Libraries/Application/Src/View/IdlingView.o
 .debug_info    0x0000d125      0x26a ./Libraries/Application/Src/View/MenuView.o
 .debug_info    0x0000d38f      0x75a ./Libraries/Firmware/Src/Beep_pwm.o
 .debug_info    0x0000dae9      0x2f5 ./Libraries/Firmware/Src/Button_gpio.o
 .debug_info    0x0000ddde      0x24b ./Libraries/Firmware/Src/Led_gpio.o
 .debug_info    0x0000e029      0x772 ./Libraries/Firmware/Src/Oled_sh1106_i2c.o
 .debug_info    0x0000e79b      0x7ef ./Libraries/Firmware/Src/Rtc_ds1307_i2c.o

.debug_abbrev   0x00000000     0x2d79
 .debug_abbrev  0x00000000      0x304 ./Core/Src/main.o
 .debug_abbrev  0x00000304      0x1d5 ./Core/Src/stm32f1xx_hal_msp.o
 .debug_abbrev  0x000004d9      0x191 ./Core/Src/stm32f1xx_it.o
 .debug_abbrev  0x0000066a      0x13f ./Core/Src/system_stm32f1xx.o
 .debug_abbrev  0x000007a9       0x24 ./Core/Startup/startup_stm32f103c8tx.o
 .debug_abbrev  0x000007cd      0x201 ./Drivers/STM32F1xx_HAL_Driver/Src/stm32f1xx_hal.o
 .debug_abbrev  0x000009ce      0x2f8 ./Drivers/STM32F1xx_HAL_Driver/Src/stm32f1xx_hal_cortex.o
 .debug_abbrev  0x00000cc6      0x1ca ./Drivers/STM32F1xx_HAL_Driver/Src/stm32f1xx_hal_gpio.o
 .debug_abbrev  0x00000e90      0x2a3 ./Drivers/STM32F1xx_HAL_Driver/Src/stm32f1xx_hal_i2c.o
 .debug_abbrev  0x00001133      0x2b3 ./Drivers/STM32F1xx_HAL_Driver/Src/stm32f1xx_hal_rcc.o
 .debug_abbrev  0x000013e6      0x277 ./Drivers/STM32F1xx_HAL_Driver/Src/stm32f1xx_hal_tim.o
 .debug_abbrev  0x0000165d      0x282 ./Drivers/STM32F1xx_HAL_Driver/Src/stm32f1xx_hal_tim_ex.o
 .debug_abbrev  0x000018df      0x146 ./Libraries/Application/Src/Controller/AlarmCtrl.o
 .debug_abbrev  0x00001a25      0x143 ./Libraries/Application/Src/Controller/FlashCtrl.o
 .debug_abbrev  0x00001b68      0x123 ./Libraries/Application/Src/Controller/IdlingCtrl.o
 .debug_abbrev  0x00001c8b      0x143 ./Libraries/Application/Src/Controller/MenuCtrl.o
 .debug_abbrev  0x00001dce      0x135 ./Libraries/Application/Src/Controller/StateCtrl.o
 .debug_abbrev  0x00001f03      0x170 ./Libraries/Application/Src/ScreenUtilities.o
 .debug_abbrev  0x00002073      0x106 ./Libraries/Application/Src/View/AlarmView.o
 .debug_abbrev  0x00002179       0xf8 ./Libraries/Application/Src/View/FlashView.o
 .debug_abbrev  0x00002271      0x13c ./Libraries/Application/Src/View/GeneralDisplay.o
 .debug_abbrev  0x000023ad      0x107 ./Libraries/Application/Src/View/IdlingView.o
 .debug_abbrev  0x000024b4       0xfc ./Libraries/Application/Src/View/MenuView.o
 .debug_abbrev  0x000025b0      0x1a6 ./Libraries/Firmware/Src/Beep_pwm.o
 .debug_abbrev  0x00002756      0x148 ./Libraries/Firmware/Src/Button_gpio.o
 .debug_abbrev  0x0000289e      0x150 ./Libraries/Firmware/Src/Led_gpio.o
 .debug_abbrev  0x000029ee      0x1c0 ./Libraries/Firmware/Src/Oled_sh1106_i2c.o
 .debug_abbrev  0x00002bae      0x1cb ./Libraries/Firmware/Src/Rtc_ds1307_i2c.o

.debug_aranges  0x00000000      0xf18
 .debug_aranges
                0x00000000       0x58 ./Core/Src/main.o
 .debug_aranges
                0x00000058       0x48 ./Core/Src/stm32f1xx_hal_msp.o
 .debug_aranges
                0x000000a0       0x68 ./Core/Src/stm32f1xx_it.o
 .debug_aranges
                0x00000108       0x28 ./Core/Src/system_stm32f1xx.o
 .debug_aranges
                0x00000130       0x28 ./Core/Startup/startup_stm32f103c8tx.o
 .debug_aranges
                0x00000158       0xe0 ./Drivers/STM32F1xx_HAL_Driver/Src/stm32f1xx_hal.o
 .debug_aranges
                0x00000238      0x100 ./Drivers/STM32F1xx_HAL_Driver/Src/stm32f1xx_hal_cortex.o
 .debug_aranges
                0x00000338       0x58 ./Drivers/STM32F1xx_HAL_Driver/Src/stm32f1xx_hal_gpio.o
 .debug_aranges
                0x00000390      0x2a8 ./Drivers/STM32F1xx_HAL_Driver/Src/stm32f1xx_hal_i2c.o
 .debug_aranges
                0x00000638       0x90 ./Drivers/STM32F1xx_HAL_Driver/Src/stm32f1xx_hal_rcc.o
 .debug_aranges
                0x000006c8      0x3d0 ./Drivers/STM32F1xx_HAL_Driver/Src/stm32f1xx_hal_tim.o
 .debug_aranges
                0x00000a98      0x168 ./Drivers/STM32F1xx_HAL_Driver/Src/stm32f1xx_hal_tim_ex.o
 .debug_aranges
                0x00000c00       0x30 ./Libraries/Application/Src/Controller/AlarmCtrl.o
 .debug_aranges
                0x00000c30       0x28 ./Libraries/Application/Src/Controller/FlashCtrl.o
 .debug_aranges
                0x00000c58       0x20 ./Libraries/Application/Src/Controller/IdlingCtrl.o
 .debug_aranges
                0x00000c78       0x20 ./Libraries/Application/Src/Controller/MenuCtrl.o
 .debug_aranges
                0x00000c98       0x28 ./Libraries/Application/Src/Controller/StateCtrl.o
 .debug_aranges
                0x00000cc0       0x78 ./Libraries/Application/Src/ScreenUtilities.o
 .debug_aranges
                0x00000d38       0x20 ./Libraries/Application/Src/View/AlarmView.o
 .debug_aranges
                0x00000d58       0x38 ./Libraries/Application/Src/View/FlashView.o
 .debug_aranges
                0x00000d90       0x28 ./Libraries/Application/Src/View/GeneralDisplay.o
 .debug_aranges
                0x00000db8       0x20 ./Libraries/Application/Src/View/IdlingView.o
 .debug_aranges
                0x00000dd8       0x28 ./Libraries/Application/Src/View/MenuView.o
 .debug_aranges
                0x00000e00       0x28 ./Libraries/Firmware/Src/Beep_pwm.o
 .debug_aranges
                0x00000e28       0x38 ./Libraries/Firmware/Src/Button_gpio.o
 .debug_aranges
                0x00000e60       0x30 ./Libraries/Firmware/Src/Led_gpio.o
 .debug_aranges
                0x00000e90       0x38 ./Libraries/Firmware/Src/Oled_sh1106_i2c.o
 .debug_aranges
                0x00000ec8       0x50 ./Libraries/Firmware/Src/Rtc_ds1307_i2c.o

.debug_rnglists
                0x00000000      0xb99
 .debug_rnglists
                0x00000000       0x41 ./Core/Src/main.o
 .debug_rnglists
                0x00000041       0x31 ./Core/Src/stm32f1xx_hal_msp.o
 .debug_rnglists
                0x00000072       0x49 ./Core/Src/stm32f1xx_it.o
 .debug_rnglists
                0x000000bb       0x1a ./Core/Src/system_stm32f1xx.o
 .debug_rnglists
                0x000000d5       0x19 ./Core/Startup/startup_stm32f103c8tx.o
 .debug_rnglists
                0x000000ee       0xa3 ./Drivers/STM32F1xx_HAL_Driver/Src/stm32f1xx_hal.o
 .debug_rnglists
                0x00000191       0xbb ./Drivers/STM32F1xx_HAL_Driver/Src/stm32f1xx_hal_cortex.o
 .debug_rnglists
                0x0000024c       0x3f ./Drivers/STM32F1xx_HAL_Driver/Src/stm32f1xx_hal_gpio.o
 .debug_rnglists
                0x0000028b      0x23c ./Drivers/STM32F1xx_HAL_Driver/Src/stm32f1xx_hal_i2c.o
 .debug_rnglists
                0x000004c7       0x6c ./Drivers/STM32F1xx_HAL_Driver/Src/stm32f1xx_hal_rcc.o
 .debug_rnglists
                0x00000533      0x31a ./Drivers/STM32F1xx_HAL_Driver/Src/stm32f1xx_hal_tim.o
 .debug_rnglists
                0x0000084d      0x125 ./Drivers/STM32F1xx_HAL_Driver/Src/stm32f1xx_hal_tim_ex.o
 .debug_rnglists
                0x00000972       0x22 ./Libraries/Application/Src/Controller/AlarmCtrl.o
 .debug_rnglists
                0x00000994       0x1a ./Libraries/Application/Src/Controller/FlashCtrl.o
 .debug_rnglists
                0x000009ae       0x13 ./Libraries/Application/Src/Controller/IdlingCtrl.o
 .debug_rnglists
                0x000009c1       0x13 ./Libraries/Application/Src/Controller/MenuCtrl.o
 .debug_rnglists
                0x000009d4       0x1b ./Libraries/Application/Src/Controller/StateCtrl.o
 .debug_rnglists
                0x000009ef       0x56 ./Libraries/Application/Src/ScreenUtilities.o
 .debug_rnglists
                0x00000a45       0x14 ./Libraries/Application/Src/View/AlarmView.o
 .debug_rnglists
                0x00000a59       0x26 ./Libraries/Application/Src/View/FlashView.o
 .debug_rnglists
                0x00000a7f       0x1b ./Libraries/Application/Src/View/GeneralDisplay.o
 .debug_rnglists
                0x00000a9a       0x14 ./Libraries/Application/Src/View/IdlingView.o
 .debug_rnglists
                0x00000aae       0x1b ./Libraries/Application/Src/View/MenuView.o
 .debug_rnglists
                0x00000ac9       0x1a ./Libraries/Firmware/Src/Beep_pwm.o
 .debug_rnglists
                0x00000ae3       0x28 ./Libraries/Firmware/Src/Button_gpio.o
 .debug_rnglists
                0x00000b0b       0x1f ./Libraries/Firmware/Src/Led_gpio.o
 .debug_rnglists
                0x00000b2a       0x36 ./Libraries/Firmware/Src/Oled_sh1106_i2c.o
 .debug_rnglists
                0x00000b60       0x39 ./Libraries/Firmware/Src/Rtc_ds1307_i2c.o

.debug_macro    0x00000000    0x199f4
 .debug_macro   0x00000000      0x912 ./Core/Src/main.o
 .debug_macro   0x00000912      0xaa8 ./Core/Src/main.o
 .debug_macro   0x000013ba      0x21b ./Core/Src/main.o
 .debug_macro   0x000015d5       0x2e ./Core/Src/main.o
 .debug_macro   0x00001603       0x22 ./Core/Src/main.o
 .debug_macro   0x00001625       0x22 ./Core/Src/main.o
 .debug_macro   0x00001647       0x8e ./Core/Src/main.o
 .debug_macro   0x000016d5       0x51 ./Core/Src/main.o
 .debug_macro   0x00001726      0x103 ./Core/Src/main.o
 .debug_macro   0x00001829       0x6a ./Core/Src/main.o
 .debug_macro   0x00001893      0x1df ./Core/Src/main.o
 .debug_macro   0x00001a72       0x1c ./Core/Src/main.o
 .debug_macro   0x00001a8e       0x22 ./Core/Src/main.o
 .debug_macro   0x00001ab0       0xbd ./Core/Src/main.o
 .debug_macro   0x00001b6d      0xd23 ./Core/Src/main.o
 .debug_macro   0x00002890     0xe09e ./Core/Src/main.o
 .debug_macro   0x0001092e       0x6d ./Core/Src/main.o
 .debug_macro   0x0001099b     0x34a2 ./Core/Src/main.o
 .debug_macro   0x00013e3d      0x189 ./Core/Src/main.o
 .debug_macro   0x00013fc6       0x5c ./Core/Src/main.o
 .debug_macro   0x00014022      0x5bc ./Core/Src/main.o
 .debug_macro   0x000145de      0x289 ./Core/Src/main.o
 .debug_macro   0x00014867      0x1cb ./Core/Src/main.o
 .debug_macro   0x00014a32      0x114 ./Core/Src/main.o
 .debug_macro   0x00014b46      0x1b2 ./Core/Src/main.o
 .debug_macro   0x00014cf8       0x27 ./Core/Src/main.o
 .debug_macro   0x00014d1f      0x136 ./Core/Src/main.o
 .debug_macro   0x00014e55      0x1bc ./Core/Src/main.o
 .debug_macro   0x00015011       0x34 ./Core/Src/main.o
 .debug_macro   0x00015045       0x3c ./Core/Src/main.o
 .debug_macro   0x00015081       0x57 ./Core/Src/main.o
 .debug_macro   0x000150d8       0x87 ./Core/Src/main.o
 .debug_macro   0x0001515f      0x240 ./Core/Src/main.o
 .debug_macro   0x0001539f      0x287 ./Core/Src/main.o
 .debug_macro   0x00015626      0x140 ./Core/Src/main.o
 .debug_macro   0x00015766      0x8ed ./Core/Src/main.o
 .debug_macro   0x00016053       0x83 ./Core/Src/main.o
 .debug_macro   0x000160d6       0xa6 ./Core/Src/main.o
 .debug_macro   0x0001617c       0x22 ./Core/Src/main.o
 .debug_macro   0x0001619e       0x52 ./Core/Src/main.o
 .debug_macro   0x000161f0       0x3a ./Core/Src/main.o
 .debug_macro   0x0001622a       0x34 ./Core/Src/main.o
 .debug_macro   0x0001625e       0x2e ./Core/Src/main.o
 .debug_macro   0x0001628c       0x34 ./Core/Src/main.o
 .debug_macro   0x000162c0       0xa0 ./Core/Src/main.o
 .debug_macro   0x00016360       0x22 ./Core/Src/main.o
 .debug_macro   0x00016382       0xca ./Core/Src/main.o
 .debug_macro   0x0001644c      0x1ad ./Core/Src/stm32f1xx_hal_msp.o
 .debug_macro   0x000165f9      0x1b7 ./Core/Src/stm32f1xx_it.o
 .debug_macro   0x000167b0      0x1a3 ./Core/Src/system_stm32f1xx.o
 .debug_macro   0x00016953      0x1c7 ./Drivers/STM32F1xx_HAL_Driver/Src/stm32f1xx_hal.o
 .debug_macro   0x00016b1a      0x1a3 ./Drivers/STM32F1xx_HAL_Driver/Src/stm32f1xx_hal_cortex.o
 .debug_macro   0x00016cbd      0x20e ./Drivers/STM32F1xx_HAL_Driver/Src/stm32f1xx_hal_gpio.o
 .debug_macro   0x00016ecb      0x1f1 ./Drivers/STM32F1xx_HAL_Driver/Src/stm32f1xx_hal_i2c.o
 .debug_macro   0x000170bc      0x1b5 ./Drivers/STM32F1xx_HAL_Driver/Src/stm32f1xx_hal_rcc.o
 .debug_macro   0x00017271      0x1a4 ./Drivers/STM32F1xx_HAL_Driver/Src/stm32f1xx_hal_tim.o
 .debug_macro   0x00017415      0x1a3 ./Drivers/STM32F1xx_HAL_Driver/Src/stm32f1xx_hal_tim_ex.o
 .debug_macro   0x000175b8      0x29a ./Libraries/Application/Src/Controller/AlarmCtrl.o
 .debug_macro   0x00017852      0x29a ./Libraries/Application/Src/Controller/FlashCtrl.o
 .debug_macro   0x00017aec      0x2a4 ./Libraries/Application/Src/Controller/IdlingCtrl.o
 .debug_macro   0x00017d90      0x242 ./Libraries/Application/Src/Controller/MenuCtrl.o
 .debug_macro   0x00017fd2      0x566 ./Libraries/Application/Src/Controller/StateCtrl.o
 .debug_macro   0x00018538      0x1f4 ./Libraries/Application/Src/ScreenUtilities.o
 .debug_macro   0x0001872c      0x205 ./Libraries/Application/Src/View/AlarmView.o
 .debug_macro   0x00018931      0x201 ./Libraries/Application/Src/View/FlashView.o
 .debug_macro   0x00018b32      0x215 ./Libraries/Application/Src/View/GeneralDisplay.o
 .debug_macro   0x00018d47      0x20b ./Libraries/Application/Src/View/IdlingView.o
 .debug_macro   0x00018f52      0x202 ./Libraries/Application/Src/View/MenuView.o
 .debug_macro   0x00019154      0x1b7 ./Libraries/Firmware/Src/Beep_pwm.o
 .debug_macro   0x0001930b      0x1ba ./Libraries/Firmware/Src/Button_gpio.o
 .debug_macro   0x000194c5      0x1ba ./Libraries/Firmware/Src/Led_gpio.o
 .debug_macro   0x0001967f      0x1b6 ./Libraries/Firmware/Src/Oled_sh1106_i2c.o
 .debug_macro   0x00019835      0x1bf ./Libraries/Firmware/Src/Rtc_ds1307_i2c.o

.debug_line     0x00000000    0x16be6
 .debug_line    0x00000000      0xb12 ./Core/Src/main.o
 .debug_line    0x00000b12      0x7c9 ./Core/Src/stm32f1xx_hal_msp.o
 .debug_line    0x000012db      0x7d2 ./Core/Src/stm32f1xx_it.o
 .debug_line    0x00001aad      0x776 ./Core/Src/system_stm32f1xx.o
 .debug_line    0x00002223       0x78 ./Core/Startup/startup_stm32f103c8tx.o
 .debug_line    0x0000229b      0x9a3 ./Drivers/STM32F1xx_HAL_Driver/Src/stm32f1xx_hal.o
 .debug_line    0x00002c3e      0xb8f ./Drivers/STM32F1xx_HAL_Driver/Src/stm32f1xx_hal_cortex.o
 .debug_line    0x000037cd      0xa3c ./Drivers/STM32F1xx_HAL_Driver/Src/stm32f1xx_hal_gpio.o
 .debug_line    0x00004209     0x3c40 ./Drivers/STM32F1xx_HAL_Driver/Src/stm32f1xx_hal_i2c.o
 .debug_line    0x00007e49      0xdac ./Drivers/STM32F1xx_HAL_Driver/Src/stm32f1xx_hal_rcc.o
 .debug_line    0x00008bf5     0x34c8 ./Drivers/STM32F1xx_HAL_Driver/Src/stm32f1xx_hal_tim.o
 .debug_line    0x0000c0bd     0x18f2 ./Drivers/STM32F1xx_HAL_Driver/Src/stm32f1xx_hal_tim_ex.o
 .debug_line    0x0000d9af      0xd3a ./Libraries/Application/Src/Controller/AlarmCtrl.o
 .debug_line    0x0000e6e9      0x955 ./Libraries/Application/Src/Controller/FlashCtrl.o
 .debug_line    0x0000f03e      0x89f ./Libraries/Application/Src/Controller/IdlingCtrl.o
 .debug_line    0x0000f8dd      0x85c ./Libraries/Application/Src/Controller/MenuCtrl.o
 .debug_line    0x00010139      0x9df ./Libraries/Application/Src/Controller/StateCtrl.o
 .debug_line    0x00010b18      0xae3 ./Libraries/Application/Src/ScreenUtilities.o
 .debug_line    0x000115fb      0x962 ./Libraries/Application/Src/View/AlarmView.o
 .debug_line    0x00011f5d      0x8be ./Libraries/Application/Src/View/FlashView.o
 .debug_line    0x0001281b      0x918 ./Libraries/Application/Src/View/GeneralDisplay.o
 .debug_line    0x00013133      0x8f2 ./Libraries/Application/Src/View/IdlingView.o
 .debug_line    0x00013a25      0x8cb ./Libraries/Application/Src/View/MenuView.o
 .debug_line    0x000142f0      0x791 ./Libraries/Firmware/Src/Beep_pwm.o
 .debug_line    0x00014a81      0x88b ./Libraries/Firmware/Src/Button_gpio.o
 .debug_line    0x0001530c      0x783 ./Libraries/Firmware/Src/Led_gpio.o
 .debug_line    0x00015a8f      0x89c ./Libraries/Firmware/Src/Oled_sh1106_i2c.o
 .debug_line    0x0001632b      0x8bb ./Libraries/Firmware/Src/Rtc_ds1307_i2c.o

.debug_str      0x00000000    0x879eb
 .debug_str     0x00000000    0x843bb ./Core/Src/main.o
                              0x847f8 (size before relaxing)
 .debug_str     0x000843bb      0x371 ./Core/Src/stm32f1xx_hal_msp.o
                              0x83ed3 (size before relaxing)
 .debug_str     0x0008472c       0xdc ./Core/Src/stm32f1xx_it.o
                              0x83891 (size before relaxing)
 .debug_str     0x00084808       0x7e ./Core/Src/system_stm32f1xx.o
                              0x833b3 (size before relaxing)
 .debug_str     0x00084886       0x44 ./Core/Startup/startup_stm32f103c8tx.o
                                 0x78 (size before relaxing)
 .debug_str     0x000848ca      0x38e ./Drivers/STM32F1xx_HAL_Driver/Src/stm32f1xx_hal.o
                              0x83ae6 (size before relaxing)
 .debug_str     0x00084c58      0x294 ./Drivers/STM32F1xx_HAL_Driver/Src/stm32f1xx_hal_cortex.o
                              0x83a32 (size before relaxing)
 .debug_str     0x00084eec      0x2e1 ./Drivers/STM32F1xx_HAL_Driver/Src/stm32f1xx_hal_gpio.o
                              0x83739 (size before relaxing)
 .debug_str     0x000851cd      0xbd5 ./Drivers/STM32F1xx_HAL_Driver/Src/stm32f1xx_hal_i2c.o
                              0x8447a (size before relaxing)
 .debug_str     0x00085da2      0x209 ./Drivers/STM32F1xx_HAL_Driver/Src/stm32f1xx_hal_rcc.o
                              0x837e2 (size before relaxing)
 .debug_str     0x00085fab      0xd32 ./Drivers/STM32F1xx_HAL_Driver/Src/stm32f1xx_hal_tim.o
                              0x847e4 (size before relaxing)
 .debug_str     0x00086cdd      0x493 ./Drivers/STM32F1xx_HAL_Driver/Src/stm32f1xx_hal_tim_ex.o
                              0x83ff0 (size before relaxing)
 .debug_str     0x00087170      0x15a ./Libraries/Application/Src/Controller/AlarmCtrl.o
                              0x839c8 (size before relaxing)
 .debug_str     0x000872ca       0xb9 ./Libraries/Application/Src/Controller/FlashCtrl.o
                              0x8387a (size before relaxing)
 .debug_str     0x00087383       0x76 ./Libraries/Application/Src/Controller/IdlingCtrl.o
                              0x838a6 (size before relaxing)
 .debug_str     0x000873f9       0x66 ./Libraries/Application/Src/Controller/MenuCtrl.o
                              0x83796 (size before relaxing)
 .debug_str     0x0008745f       0x93 ./Libraries/Application/Src/Controller/StateCtrl.o
                              0x83ce7 (size before relaxing)
 .debug_str     0x000874f2       0xd8 ./Libraries/Application/Src/ScreenUtilities.o
                              0x83775 (size before relaxing)
 .debug_str     0x000875ca       0x2e ./Libraries/Application/Src/View/AlarmView.o
                              0x83810 (size before relaxing)
 .debug_str     0x000875f8       0x2e ./Libraries/Application/Src/View/FlashView.o
                              0x83720 (size before relaxing)
 .debug_str     0x00087626       0x4b ./Libraries/Application/Src/View/GeneralDisplay.o
                              0x83818 (size before relaxing)
 .debug_str     0x00087671       0x2f ./Libraries/Application/Src/View/IdlingView.o
                              0x83780 (size before relaxing)
 .debug_str     0x000876a0       0x2d ./Libraries/Application/Src/View/MenuView.o
                              0x83745 (size before relaxing)
 .debug_str     0x000876cd       0x76 ./Libraries/Firmware/Src/Beep_pwm.o
                              0x838cf (size before relaxing)
 .debug_str     0x00087743       0xba ./Libraries/Firmware/Src/Button_gpio.o
                              0x834cd (size before relaxing)
 .debug_str     0x000877fd       0x87 ./Libraries/Firmware/Src/Led_gpio.o
                              0x83445 (size before relaxing)
 .debug_str     0x00087884       0xa2 ./Libraries/Firmware/Src/Oled_sh1106_i2c.o
                              0x83a61 (size before relaxing)
 .debug_str     0x00087926       0xc5 ./Libraries/Firmware/Src/Rtc_ds1307_i2c.o
                              0x83a43 (size before relaxing)

.comment        0x00000000       0x43
 .comment       0x00000000       0x43 ./Core/Src/main.o
                                 0x44 (size before relaxing)
 .comment       0x00000043       0x44 ./Core/Src/stm32f1xx_hal_msp.o
 .comment       0x00000043       0x44 ./Core/Src/stm32f1xx_it.o
 .comment       0x00000043       0x44 ./Core/Src/system_stm32f1xx.o
 .comment       0x00000043       0x44 ./Drivers/STM32F1xx_HAL_Driver/Src/stm32f1xx_hal.o
 .comment       0x00000043       0x44 ./Drivers/STM32F1xx_HAL_Driver/Src/stm32f1xx_hal_cortex.o
 .comment       0x00000043       0x44 ./Drivers/STM32F1xx_HAL_Driver/Src/stm32f1xx_hal_gpio.o
 .comment       0x00000043       0x44 ./Drivers/STM32F1xx_HAL_Driver/Src/stm32f1xx_hal_i2c.o
 .comment       0x00000043       0x44 ./Drivers/STM32F1xx_HAL_Driver/Src/stm32f1xx_hal_rcc.o
 .comment       0x00000043       0x44 ./Drivers/STM32F1xx_HAL_Driver/Src/stm32f1xx_hal_tim.o
 .comment       0x00000043       0x44 ./Drivers/STM32F1xx_HAL_Driver/Src/stm32f1xx_hal_tim_ex.o
 .comment       0x00000043       0x44 ./Libraries/Application/Src/Controller/AlarmCtrl.o
 .comment       0x00000043       0x44 ./Libraries/Application/Src/Controller/FlashCtrl.o
 .comment       0x00000043       0x44 ./Libraries/Application/Src/Controller/IdlingCtrl.o
 .comment       0x00000043       0x44 ./Libraries/Application/Src/Controller/MenuCtrl.o
 .comment       0x00000043       0x44 ./Libraries/Application/Src/Controller/StateCtrl.o
 .comment       0x00000043       0x44 ./Libraries/Application/Src/ScreenUtilities.o
 .comment       0x00000043       0x44 ./Libraries/Application/Src/View/AlarmView.o
 .comment       0x00000043       0x44 ./Libraries/Application/Src/View/FlashView.o
 .comment       0x00000043       0x44 ./Libraries/Application/Src/View/GeneralDisplay.o
 .comment       0x00000043       0x44 ./Libraries/Application/Src/View/IdlingView.o
 .comment       0x00000043       0x44 ./Libraries/Application/Src/View/MenuView.o
 .comment       0x00000043       0x44 ./Libraries/Firmware/Src/Beep_pwm.o
 .comment       0x00000043       0x44 ./Libraries/Firmware/Src/Button_gpio.o
 .comment       0x00000043       0x44 ./Libraries/Firmware/Src/Led_gpio.o
 .comment       0x00000043       0x44 ./Libraries/Firmware/Src/Oled_sh1106_i2c.o
 .comment       0x00000043       0x44 ./Libraries/Firmware/Src/Rtc_ds1307_i2c.o

.debug_frame    0x00000000     0x3b50
 .debug_frame   0x00000000      0x11c ./Core/Src/main.o
 .debug_frame   0x0000011c       0xec ./Core/Src/stm32f1xx_hal_msp.o
 .debug_frame   0x00000208      0x120 ./Core/Src/stm32f1xx_it.o
 .debug_frame   0x00000328       0x58 ./Core/Src/system_stm32f1xx.o
 .debug_frame   0x00000380      0x334 ./Drivers/STM32F1xx_HAL_Driver/Src/stm32f1xx_hal.o
 .debug_frame   0x000006b4      0x428 ./Drivers/STM32F1xx_HAL_Driver/Src/stm32f1xx_hal_cortex.o
 .debug_frame   0x00000adc      0x14c ./Drivers/STM32F1xx_HAL_Driver/Src/stm32f1xx_hal_gpio.o
 .debug_frame   0x00000c28      0xc84 ./Drivers/STM32F1xx_HAL_Driver/Src/stm32f1xx_hal_i2c.o
 .debug_frame   0x000018ac      0x218 ./Drivers/STM32F1xx_HAL_Driver/Src/stm32f1xx_hal_rcc.o
 .debug_frame   0x00001ac4     0x11b8 ./Drivers/STM32F1xx_HAL_Driver/Src/stm32f1xx_hal_tim.o
 .debug_frame   0x00002c7c      0x638 ./Drivers/STM32F1xx_HAL_Driver/Src/stm32f1xx_hal_tim_ex.o
 .debug_frame   0x000032b4       0x84 ./Libraries/Application/Src/Controller/AlarmCtrl.o
 .debug_frame   0x00003338       0x5c ./Libraries/Application/Src/Controller/FlashCtrl.o
 .debug_frame   0x00003394       0x34 ./Libraries/Application/Src/Controller/IdlingCtrl.o
 .debug_frame   0x000033c8       0x34 ./Libraries/Application/Src/Controller/MenuCtrl.o
 .debug_frame   0x000033fc       0x48 ./Libraries/Application/Src/Controller/StateCtrl.o
 .debug_frame   0x00003444      0x1cc ./Libraries/Application/Src/ScreenUtilities.o
 .debug_frame   0x00003610       0x38 ./Libraries/Application/Src/View/AlarmView.o
 .debug_frame   0x00003648       0x90 ./Libraries/Application/Src/View/FlashView.o
 .debug_frame   0x000036d8       0x58 ./Libraries/Application/Src/View/GeneralDisplay.o
 .debug_frame   0x00003730       0x38 ./Libraries/Application/Src/View/IdlingView.o
 .debug_frame   0x00003768       0x5c ./Libraries/Application/Src/View/MenuView.o
 .debug_frame   0x000037c4       0x5c ./Libraries/Firmware/Src/Beep_pwm.o
 .debug_frame   0x00003820       0xa4 ./Libraries/Firmware/Src/Button_gpio.o
 .debug_frame   0x000038c4       0x80 ./Libraries/Firmware/Src/Led_gpio.o
 .debug_frame   0x00003944       0xa8 ./Libraries/Firmware/Src/Oled_sh1106_i2c.o
 .debug_frame   0x000039ec      0x118 ./Libraries/Firmware/Src/Rtc_ds1307_i2c.o
 .debug_frame   0x00003b04       0x20 C:/Program Files/STM32CubeIDE_1.17.0/STM32CubeIDE/plugins/com.st.stm32cube.ide.mcu.externaltools.gnu-tools-for-stm32.12.3.rel1.win32_1.1.0.202410251130/tools/bin/../lib/gcc/arm-none-eabi/12.3.1/../../../../arm-none-eabi/lib/thumb/v7-m/nofp\libc_nano.a(libc_a-memset.o)
 .debug_frame   0x00003b24       0x2c C:/Program Files/STM32CubeIDE_1.17.0/STM32CubeIDE/plugins/com.st.stm32cube.ide.mcu.externaltools.gnu-tools-for-stm32.12.3.rel1.win32_1.1.0.202410251130/tools/bin/../lib/gcc/arm-none-eabi/12.3.1/../../../../arm-none-eabi/lib/thumb/v7-m/nofp\libc_nano.a(libc_a-init.o)

.debug_line_str
                0x00000000       0x5c
 .debug_line_str
                0x00000000       0x5c ./Core/Startup/startup_stm32f103c8tx.o
