Archive member included to satisfy reference by file (symbol)

C:/Program Files/STM32CubeIDE_1.17.0/STM32CubeIDE/plugins/com.st.stm32cube.ide.mcu.externaltools.gnu-tools-for-stm32.12.3.rel1.win32_1.1.0.202410251130/tools/bin/../lib/gcc/arm-none-eabi/12.3.1/../../../../arm-none-eabi/lib/thumb/v7-m/nofp\libc_nano.a(libc_a-exit.o)
                              C:/Program Files/STM32CubeIDE_1.17.0/STM32CubeIDE/plugins/com.st.stm32cube.ide.mcu.externaltools.gnu-tools-for-stm32.12.3.rel1.win32_1.1.0.202410251130/tools/bin/../lib/gcc/arm-none-eabi/12.3.1/../../../../arm-none-eabi/lib/thumb/v7-m/nofp/crt0.o (exit)
C:/Program Files/STM32CubeIDE_1.17.0/STM32CubeIDE/plugins/com.st.stm32cube.ide.mcu.externaltools.gnu-tools-for-stm32.12.3.rel1.win32_1.1.0.202410251130/tools/bin/../lib/gcc/arm-none-eabi/12.3.1/../../../../arm-none-eabi/lib/thumb/v7-m/nofp\libc_nano.a(libc_a-findfp.o)
                              C:/Program Files/STM32CubeIDE_1.17.0/STM32CubeIDE/plugins/com.st.stm32cube.ide.mcu.externaltools.gnu-tools-for-stm32.12.3.rel1.win32_1.1.0.202410251130/tools/bin/../lib/gcc/arm-none-eabi/12.3.1/../../../../arm-none-eabi/lib/thumb/v7-m/nofp\libc_nano.a(libc_a-exit.o) (__stdio_exit_handler)
C:/Program Files/STM32CubeIDE_1.17.0/STM32CubeIDE/plugins/com.st.stm32cube.ide.mcu.externaltools.gnu-tools-for-stm32.12.3.rel1.win32_1.1.0.202410251130/tools/bin/../lib/gcc/arm-none-eabi/12.3.1/../../../../arm-none-eabi/lib/thumb/v7-m/nofp\libc_nano.a(libc_a-fwalk.o)
                              C:/Program Files/STM32CubeIDE_1.17.0/STM32CubeIDE/plugins/com.st.stm32cube.ide.mcu.externaltools.gnu-tools-for-stm32.12.3.rel1.win32_1.1.0.202410251130/tools/bin/../lib/gcc/arm-none-eabi/12.3.1/../../../../arm-none-eabi/lib/thumb/v7-m/nofp\libc_nano.a(libc_a-findfp.o) (_fwalk_sglue)
C:/Program Files/STM32CubeIDE_1.17.0/STM32CubeIDE/plugins/com.st.stm32cube.ide.mcu.externaltools.gnu-tools-for-stm32.12.3.rel1.win32_1.1.0.202410251130/tools/bin/../lib/gcc/arm-none-eabi/12.3.1/../../../../arm-none-eabi/lib/thumb/v7-m/nofp\libc_nano.a(libc_a-stdio.o)
                              C:/Program Files/STM32CubeIDE_1.17.0/STM32CubeIDE/plugins/com.st.stm32cube.ide.mcu.externaltools.gnu-tools-for-stm32.12.3.rel1.win32_1.1.0.202410251130/tools/bin/../lib/gcc/arm-none-eabi/12.3.1/../../../../arm-none-eabi/lib/thumb/v7-m/nofp\libc_nano.a(libc_a-findfp.o) (__sread)
C:/Program Files/STM32CubeIDE_1.17.0/STM32CubeIDE/plugins/com.st.stm32cube.ide.mcu.externaltools.gnu-tools-for-stm32.12.3.rel1.win32_1.1.0.202410251130/tools/bin/../lib/gcc/arm-none-eabi/12.3.1/../../../../arm-none-eabi/lib/thumb/v7-m/nofp\libc_nano.a(libc_a-memset.o)
                              C:/Program Files/STM32CubeIDE_1.17.0/STM32CubeIDE/plugins/com.st.stm32cube.ide.mcu.externaltools.gnu-tools-for-stm32.12.3.rel1.win32_1.1.0.202410251130/tools/bin/../lib/gcc/arm-none-eabi/12.3.1/../../../../arm-none-eabi/lib/thumb/v7-m/nofp/crt0.o (memset)
C:/Program Files/STM32CubeIDE_1.17.0/STM32CubeIDE/plugins/com.st.stm32cube.ide.mcu.externaltools.gnu-tools-for-stm32.12.3.rel1.win32_1.1.0.202410251130/tools/bin/../lib/gcc/arm-none-eabi/12.3.1/../../../../arm-none-eabi/lib/thumb/v7-m/nofp\libc_nano.a(libc_a-closer.o)
                              C:/Program Files/STM32CubeIDE_1.17.0/STM32CubeIDE/plugins/com.st.stm32cube.ide.mcu.externaltools.gnu-tools-for-stm32.12.3.rel1.win32_1.1.0.202410251130/tools/bin/../lib/gcc/arm-none-eabi/12.3.1/../../../../arm-none-eabi/lib/thumb/v7-m/nofp\libc_nano.a(libc_a-stdio.o) (_close_r)
C:/Program Files/STM32CubeIDE_1.17.0/STM32CubeIDE/plugins/com.st.stm32cube.ide.mcu.externaltools.gnu-tools-for-stm32.12.3.rel1.win32_1.1.0.202410251130/tools/bin/../lib/gcc/arm-none-eabi/12.3.1/../../../../arm-none-eabi/lib/thumb/v7-m/nofp\libc_nano.a(libc_a-reent.o)
                              C:/Program Files/STM32CubeIDE_1.17.0/STM32CubeIDE/plugins/com.st.stm32cube.ide.mcu.externaltools.gnu-tools-for-stm32.12.3.rel1.win32_1.1.0.202410251130/tools/bin/../lib/gcc/arm-none-eabi/12.3.1/../../../../arm-none-eabi/lib/thumb/v7-m/nofp\libc_nano.a(libc_a-closer.o) (errno)
C:/Program Files/STM32CubeIDE_1.17.0/STM32CubeIDE/plugins/com.st.stm32cube.ide.mcu.externaltools.gnu-tools-for-stm32.12.3.rel1.win32_1.1.0.202410251130/tools/bin/../lib/gcc/arm-none-eabi/12.3.1/../../../../arm-none-eabi/lib/thumb/v7-m/nofp\libc_nano.a(libc_a-impure.o)
                              C:/Program Files/STM32CubeIDE_1.17.0/STM32CubeIDE/plugins/com.st.stm32cube.ide.mcu.externaltools.gnu-tools-for-stm32.12.3.rel1.win32_1.1.0.202410251130/tools/bin/../lib/gcc/arm-none-eabi/12.3.1/../../../../arm-none-eabi/lib/thumb/v7-m/nofp\libc_nano.a(libc_a-reent.o) (_impure_ptr)
C:/Program Files/STM32CubeIDE_1.17.0/STM32CubeIDE/plugins/com.st.stm32cube.ide.mcu.externaltools.gnu-tools-for-stm32.12.3.rel1.win32_1.1.0.202410251130/tools/bin/../lib/gcc/arm-none-eabi/12.3.1/../../../../arm-none-eabi/lib/thumb/v7-m/nofp\libc_nano.a(libc_a-lseekr.o)
[...]
Memory Configuration

Name             Origin             Length             Attributes
RAM              0x20000000         0x00005000         xrw
FLASH            0x08000000         0x00010000         xr
*default*        0x00000000         0xffffffff

Linker script and memory map

LOAD C:/Program Files/STM32CubeIDE_1.17.0/STM32CubeIDE/plugins/com.st.stm32cube.ide.mcu.externaltools.gnu-tools-for-stm32.12.3.rel1.win32_1.1.0.202410251130/tools/bin/../lib/gcc/arm-none-eabi/12.3.1/thumb/v7-m/nofp/crti.o
LOAD C:/Program Files/STM32CubeIDE_1.17.0/STM32CubeIDE/plugins/com.st.stm32cube.ide.mcu.externaltools.gnu-tools-for-stm32.12.3.rel1.win32_1.1.0.202410251130/tools/bin/../lib/gcc/arm-none-eabi/12.3.1/thumb/v7-m/nofp/crtbegin.o
LOAD C:/Program Files/STM32CubeIDE_1.17.0/STM32CubeIDE/plugins/com.st.stm32cube.ide.mcu.externaltools.gnu-tools-for-stm32.12.3.rel1.win32_1.1.0.202410251130/tools/bin/../lib/gcc/arm-none-eabi/12.3.1/../../../../arm-none-eabi/lib/thumb/v7-m/nofp/crt0.o
LOAD ./Core/Src/main.o
LOAD ./Core/Src/stm32f1xx_hal_msp.o
LOAD ./Core/Src/stm32f1xx_it.o
LOAD ./Core/Src/syscalls.o
LOAD ./Core/Src/sysmem.o
LOAD ./Core/Src/system_stm32f1xx.o
LOAD ./Core/Startup/startup_stm32f103c8tx.o
LOAD ./Drivers/STM32F1xx_HAL_Driver/Src/stm32f1xx_hal.o
LOAD ./Drivers/STM32F1xx_HAL_Driver/Src/stm32f1xx_hal_cortex.o
LOAD ./Drivers/STM32F1xx_HAL_Driver/Src/stm32f1xx_hal_dma.o
LOAD ./Drivers/STM32F1xx_HAL_Driver/Src/stm32f1xx_hal_exti.o
LOAD ./Drivers/STM32F1xx_HAL_Driver/Src/stm32f1xx_hal_flash.o
LOAD ./Drivers/STM32F1xx_HAL_Driver/Src/stm32f1xx_hal_flash_ex.o
LOAD ./Drivers/STM32F1xx_HAL_Driver/Src/stm32f1xx_hal_gpio.o
LOAD ./Drivers/STM32F1xx_HAL_Driver/Src/stm32f1xx_hal_gpio_ex.o
LOAD ./Drivers/STM32F1xx_HAL_Driver/Src/stm32f1xx_hal_i2c.o
LOAD ./Drivers/STM32F1xx_HAL_Driver/Src/stm32f1xx_hal_pwr.o
LOAD ./Drivers/STM32F1xx_HAL_Driver/Src/stm32f1xx_hal_rcc.o
LOAD ./Drivers/STM32F1xx_HAL_Driver/Src/stm32f1xx_hal_rcc_ex.o
LOAD ./Drivers/STM32F1xx_HAL_Driver/Src/stm32f1xx_hal_tim.o
LOAD ./Drivers/STM32F1xx_HAL_Driver/Src/stm32f1xx_hal_tim_ex.o
LOAD ./Libraries/Application/Src/Controller/AlarmCtrl.o
LOAD ./Libraries/Application/Src/Controller/IdlingCtrl.o
LOAD ./Libraries/Application/Src/Controller/MenuCtrl.o
LOAD ./Libraries/Application/Src/Controller/StateCtrl.o
LOAD ./Libraries/Application/Src/GeneralUtilities.o
LOAD ./Libraries/Application/Src/ScreenUtilities.o
LOAD ./Libraries/Application/Src/View/AlarmView.o
LOAD ./Libraries/Application/Src/View/CounterView.o
LOAD ./Libraries/Application/Src/View/GeneralDisplay.o
LOAD ./Libraries/Application/Src/View/IdlingView.o
LOAD ./Libraries/Application/Src/View/MenuView.o
LOAD ./Libraries/Firmware/Src/Beep_pwm.o
LOAD ./Libraries/Firmware/Src/Button_gpio.o
LOAD ./Libraries/Firmware/Src/Led_gpio.o
LOAD ./Libraries/Firmware/Src/Oled_sh1106_i2c.o
LOAD ./Libraries/Firmware/Src/Rtc_ds1307_i2c.o
START GROUP
LOAD C:/Program Files/STM32CubeIDE_1.17.0/STM32CubeIDE/plugins/com.st.stm32cube.ide.mcu.externaltools.gnu-tools-for-stm32.12.3.rel1.win32_1.1.0.202410251130/tools/bin/../lib/gcc/arm-none-eabi/12.3.1/../../../../arm-none-eabi/lib/thumb/v7-m/nofp\libc_nano.a
LOAD C:/Program Files/STM32CubeIDE_1.17.0/STM32CubeIDE/plugins/com.st.stm32cube.ide.mcu.externaltools.gnu-tools-for-stm32.12.3.rel1.win32_1.1.0.202410251130/tools/bin/../lib/gcc/arm-none-eabi/12.3.1/../../../../arm-none-eabi/lib/thumb/v7-m/nofp\libm.a
END GROUP
START GROUP
LOAD C:/Program Files/STM32CubeIDE_1.17.0/STM32CubeIDE/plugins/com.st.stm32cube.ide.mcu.externaltools.gnu-tools-for-stm32.12.3.rel1.win32_1.1.0.202410251130/tools/bin/../lib/gcc/arm-none-eabi/12.3.1/thumb/v7-m/nofp\libgcc.a
LOAD C:/Program Files/STM32CubeIDE_1.17.0/STM32CubeIDE/plugins/com.st.stm32cube.ide.mcu.externaltools.gnu-tools-for-stm32.12.3.rel1.win32_1.1.0.202410251130/tools/bin/../lib/gcc/arm-none-eabi/12.3.1/../../../../arm-none-eabi/lib/thumb/v7-m/nofp\libc_nano.a
END GROUP
START GROUP
LOAD C:/Program Files/STM32CubeIDE_1.17.0/STM32CubeIDE/plugins/com.st.stm32cube.ide.mcu.externaltools.gnu-tools-for-stm32.12.3.rel1.win32_1.1.0.202410251130/tools/bin/../lib/gcc/arm-none-eabi/12.3.1/thumb/v7-m/nofp\libgcc.a
LOAD C:/Program Files/STM32CubeIDE_1.17.0/STM32CubeIDE/plugins/com.st.stm32cube.ide.mcu.externaltools.gnu-tools-for-stm32.12.3.rel1.win32_1.1.0.202410251130/tools/bin/../lib/gcc/arm-none-eabi/12.3.1/../../../../arm-none-eabi/lib/thumb/v7-m/nofp\libc_nano.a
LOAD C:/Program Files/STM32CubeIDE_1.17.0/STM32CubeIDE/plugins/com.st.stm32cube.ide.mcu.externaltools.gnu-tools-for-stm32.12.3.rel1.win32_1.1.0.202410251130/tools/bin/../lib/gcc/arm-none-eabi/12.3.1/../../../../arm-none-eabi/lib/thumb/v7-m/nofp\libnosys.a
END GROUP
START GROUP
LOAD C:/Program Files/STM32CubeIDE_1.17.0/STM32CubeIDE/plugins/com.st.stm32cube.ide.mcu.externaltools.gnu-tools-for-stm32.12.3.rel1.win32_1.1.0.202410251130/tools/bin/../lib/gcc/arm-none-eabi/12.3.1/thumb/v7-m/nofp\libgcc.a
LOAD C:/Program Files/STM32CubeIDE_1.17.0/STM32CubeIDE/plugins/com.st.stm32cube.ide.mcu.externaltools.gnu-tools-for-stm32.12.3.rel1.win32_1.1.0.202410251130/tools/bin/../lib/gcc/arm-none-eabi/12.3.1/../../../../arm-none-eabi/lib/thumb/v7-m/nofp\libc_nano.a
LOAD C:/Program Files/STM32CubeIDE_1.17.0/STM32CubeIDE/plugins/com.st.stm32cube.ide.mcu.externaltools.gnu-tools-for-stm32.12.3.rel1.win32_1.1.0.202410251130/tools/bin/../lib/gcc/arm-none-eabi/12.3.1/../../../../arm-none-eabi/lib/thumb/v7-m/nofp\libnosys.a
END GROUP
LOAD C:/Program Files/STM32CubeIDE_1.17.0/STM32CubeIDE/plugins/com.st.stm32cube.ide.mcu.externaltools.gnu-tools-for-stm32.12.3.rel1.win32_1.1.0.202410251130/tools/bin/../lib/gcc/arm-none-eabi/12.3.1/thumb/v7-m/nofp/crtend.o
LOAD C:/Program Files/STM32CubeIDE_1.17.0/STM32CubeIDE/plugins/com.st.stm32cube.ide.mcu.externaltools.gnu-tools-for-stm32.12.3.rel1.win32_1.1.0.202410251130/tools/bin/../lib/gcc/arm-none-eabi/12.3.1/thumb/v7-m/nofp/crtn.o
                0x20005000                        _estack = (ORIGIN (RAM) + LENGTH (RAM))
                0x00000200                        _Min_Heap_Size = 0x200
                0x00000400                        _Min_Stack_Size = 0x400

.isr_vector     0x08000000      0x10c
                0x08000000                        . = ALIGN (0x4)
 *(.isr_vector)
 .isr_vector    0x08000000      0x10c ./Core/Startup/startup_stm32f103c8tx.o
                0x08000000                g_pfnVectors
                0x0800010c                        . = ALIGN (0x4)

.text           0x0800010c     0x4afc
                0x0800010c                        . = ALIGN (0x4)
 *(.text)
 .text          0x0800010c       0x40 C:/Program Files/STM32CubeIDE_1.17.0/STM32CubeIDE/plugins/com.st.stm32cube.ide.mcu.externaltools.gnu-tools-for-stm32.12.3.rel1.win32_1.1.0.202410251130/tools/bin/../lib/gcc/arm-none-eabi/12.3.1/thumb/v7-m/nofp/crtbegin.o
 *(.text*)
 .text.HAL_TIM_PeriodElapsedCallback
                0x0800014c       0x2c ./Core/Src/main.o
                0x0800014c                HAL_TIM_PeriodElapsedCallback
 .text.main     0x08000178       0x94 ./Core/Src/main.o
                0x08000178                main
 .text.SystemClock_Config
                0x0800020c       0x76 ./Core/Src/main.o
                0x0800020c                SystemClock_Config
 *fill*         0x08000282        0x2 
 .text.MX_I2C1_Init
                0x08000284       0x5c ./Core/Src/main.o
 .text.MX_TIM1_Init
                0x080002e0       0xa0 ./Core/Src/main.o
 .text.MX_TIM3_Init
                0x08000380       0xf0 ./Core/Src/main.o
 .text.MX_GPIO_Init
                0x08000470       0xdc ./Core/Src/main.o
 .text.Error_Handler
                0x0800054c        0xc ./Core/Src/main.o
                0x0800054c                Error_Handler
 .text.HAL_MspInit
                0x08000558       0x64 ./Core/Src/stm32f1xx_hal_msp.o
                0x08000558                HAL_MspInit
 .text.HAL_I2C_MspInit
                0x080005bc       0x7c ./Core/Src/stm32f1xx_hal_msp.o
                0x080005bc                HAL_I2C_MspInit
 .text.HAL_TIM_Base_MspInit
                0x08000638       0x74 ./Core/Src/stm32f1xx_hal_msp.o
                0x08000638                HAL_TIM_Base_MspInit
 .text.HAL_TIM_MspPostInit
                0x080006ac       0x64 ./Core/Src/stm32f1xx_hal_msp.o
                0x080006ac                HAL_TIM_MspPostInit
 .text.NMI_Handler
                0x08000710        0x8 ./Core/Src/stm32f1xx_it.o
                0x08000710                NMI_Handler
 .text.HardFault_Handler
                0x08000718        0x8 ./Core/Src/stm32f1xx_it.o
                0x08000718                HardFault_Handler
 .text.MemManage_Handler
                0x08000720        0x8 ./Core/Src/stm32f1xx_it.o
                0x08000720                MemManage_Handler
 .text.BusFault_Handler
                0x08000728        0x8 ./Core/Src/stm32f1xx_it.o
                0x08000728                BusFault_Handler
 .text.UsageFault_Handler
                0x08000730        0x8 ./Core/Src/stm32f1xx_it.o
                0x08000730                UsageFault_Handler
 .text.SVC_Handler
                0x08000738        0xc ./Core/Src/stm32f1xx_it.o
                0x08000738                SVC_Handler
 .text.DebugMon_Handler
                0x08000744        0xc ./Core/Src/stm32f1xx_it.o
                0x08000744                DebugMon_Handler
 .text.PendSV_Handler
                0x08000750        0xc ./Core/Src/stm32f1xx_it.o
                0x08000750                PendSV_Handler
 .text.SysTick_Handler
                0x0800075c        0xc ./Core/Src/stm32f1xx_it.o
                0x0800075c                SysTick_Handler
 .text.TIM1_UP_IRQHandler
                0x08000768       0x14 ./Core/Src/stm32f1xx_it.o
                0x08000768                TIM1_UP_IRQHandler
 .text.SystemInit
                0x0800077c        0xc ./Core/Src/system_stm32f1xx.o
                0x0800077c                SystemInit
 .text.Reset_Handler
                0x08000788       0x48 ./Core/Startup/startup_stm32f103c8tx.o
                0x08000788                Reset_Handler
 .text.Default_Handler
                0x080007d0        0x2 ./Core/Startup/startup_stm32f103c8tx.o
                0x080007d0                RTC_Alarm_IRQHandler
                0x080007d0                EXTI2_IRQHandler
                0x080007d0                TIM1_CC_IRQHandler
                0x080007d0                PVD_IRQHandler
                0x080007d0                EXTI3_IRQHandler
                0x080007d0                EXTI0_IRQHandler
                0x080007d0                I2C2_EV_IRQHandler
                0x080007d0                ADC1_2_IRQHandler
                0x080007d0                SPI1_IRQHandler
                0x080007d0                TAMPER_IRQHandler
                0x080007d0                DMA1_Channel4_IRQHandler
                0x080007d0                USART3_IRQHandler
                0x080007d0                RTC_IRQHandler
                0x080007d0                DMA1_Channel7_IRQHandler
                0x080007d0                CAN1_RX1_IRQHandler
                0x080007d0                TIM4_IRQHandler
                0x080007d0                I2C1_EV_IRQHandler
                0x080007d0                DMA1_Channel6_IRQHandler
                0x080007d0                TIM3_IRQHandler
                0x080007d0                RCC_IRQHandler
                0x080007d0                TIM1_TRG_COM_IRQHandler
                0x080007d0                DMA1_Channel1_IRQHandler
                0x080007d0                Default_Handler
                0x080007d0                EXTI15_10_IRQHandler
                0x080007d0                EXTI9_5_IRQHandler
                0x080007d0                SPI2_IRQHandler
                0x080007d0                DMA1_Channel5_IRQHandler
                0x080007d0                EXTI4_IRQHandler
                0x080007d0                USB_LP_CAN1_RX0_IRQHandler
                0x080007d0                USB_HP_CAN1_TX_IRQHandler
                0x080007d0                DMA1_Channel3_IRQHandler
                0x080007d0                WWDG_IRQHandler
                0x080007d0                TIM2_IRQHandler
                0x080007d0                TIM1_BRK_IRQHandler
                0x080007d0                EXTI1_IRQHandler
                0x080007d0                USART2_IRQHandler
                0x080007d0                I2C2_ER_IRQHandler
                0x080007d0                DMA1_Channel2_IRQHandler
                0x080007d0                CAN1_SCE_IRQHandler
                0x080007d0                FLASH_IRQHandler
                0x080007d0                USART1_IRQHandler
                0x080007d0                I2C1_ER_IRQHandler
                0x080007d0                USBWakeUp_IRQHandler
 *fill*         0x080007d2        0x2 
 .text.HAL_Init
                0x080007d4       0x2c ./Drivers/STM32F1xx_HAL_Driver/Src/stm32f1xx_hal.o
                0x080007d4                HAL_Init
 .text.HAL_InitTick
                0x08000800       0x60 ./Drivers/STM32F1xx_HAL_Driver/Src/stm32f1xx_hal.o
                0x08000800                HAL_InitTick
 .text.HAL_IncTick
                0x08000860       0x24 ./Drivers/STM32F1xx_HAL_Driver/Src/stm32f1xx_hal.o
                0x08000860                HAL_IncTick
 .text.HAL_GetTick
                0x08000884       0x14 ./Drivers/STM32F1xx_HAL_Driver/Src/stm32f1xx_hal.o
                0x08000884                HAL_GetTick
 .text.__NVIC_SetPriorityGrouping
                0x08000898       0x48 ./Drivers/STM32F1xx_HAL_Driver/Src/stm32f1xx_hal_cortex.o
 .text.__NVIC_GetPriorityGrouping
                0x080008e0       0x1c ./Drivers/STM32F1xx_HAL_Driver/Src/stm32f1xx_hal_cortex.o
 .text.__NVIC_EnableIRQ
                0x080008fc       0x38 ./Drivers/STM32F1xx_HAL_Driver/Src/stm32f1xx_hal_cortex.o
 .text.__NVIC_SetPriority
                0x08000934       0x54 ./Drivers/STM32F1xx_HAL_Driver/Src/stm32f1xx_hal_cortex.o
 .text.NVIC_EncodePriority
                0x08000988       0x64 ./Drivers/STM32F1xx_HAL_Driver/Src/stm32f1xx_hal_cortex.o
 .text.SysTick_Config
                0x080009ec       0x44 ./Drivers/STM32F1xx_HAL_Driver/Src/stm32f1xx_hal_cortex.o
 .text.HAL_NVIC_SetPriorityGrouping
                0x08000a30       0x16 ./Drivers/STM32F1xx_HAL_Driver/Src/stm32f1xx_hal_cortex.o
                0x08000a30                HAL_NVIC_SetPriorityGrouping
 .text.HAL_NVIC_SetPriority
                0x08000a46       0x38 ./Drivers/STM32F1xx_HAL_Driver/Src/stm32f1xx_hal_cortex.o
                0x08000a46                HAL_NVIC_SetPriority
 .text.HAL_NVIC_EnableIRQ
                0x08000a7e       0x1c ./Drivers/STM32F1xx_HAL_Driver/Src/stm32f1xx_hal_cortex.o
                0x08000a7e                HAL_NVIC_EnableIRQ
 .text.HAL_SYSTICK_Config
                0x08000a9a       0x18 ./Drivers/STM32F1xx_HAL_Driver/Src/stm32f1xx_hal_cortex.o
                0x08000a9a                HAL_SYSTICK_Config
 *fill*         0x08000ab2        0x2 
 .text.HAL_GPIO_Init
                0x08000ab4      0x308 ./Drivers/STM32F1xx_HAL_Driver/Src/stm32f1xx_hal_gpio.o
                0x08000ab4                HAL_GPIO_Init
 .text.HAL_GPIO_ReadPin
                0x08000dbc       0x2e ./Drivers/STM32F1xx_HAL_Driver/Src/stm32f1xx_hal_gpio.o
                0x08000dbc                HAL_GPIO_ReadPin
 .text.HAL_GPIO_WritePin
                0x08000dea       0x30 ./Drivers/STM32F1xx_HAL_Driver/Src/stm32f1xx_hal_gpio.o
                0x08000dea                HAL_GPIO_WritePin
 *fill*         0x08000e1a        0x2 
 .text.HAL_I2C_Init
                0x08000e1c      0x288 ./Drivers/STM32F1xx_HAL_Driver/Src/stm32f1xx_hal_i2c.o
                0x08000e1c                HAL_I2C_Init
 .text.HAL_I2C_Master_Transmit
                0x080010a4      0x1fc ./Drivers/STM32F1xx_HAL_Driver/Src/stm32f1xx_hal_i2c.o
                0x080010a4                HAL_I2C_Master_Transmit
 .text.I2C_MasterRequestWrite
                0x080012a0      0x104 ./Drivers/STM32F1xx_HAL_Driver/Src/stm32f1xx_hal_i2c.o
 .text.I2C_WaitOnFlagUntilTimeout
                0x080013a4       0xf4 ./Drivers/STM32F1xx_HAL_Driver/Src/stm32f1xx_hal_i2c.o
 .text.I2C_WaitOnMasterAddressFlagUntilTimeout
                0x08001498      0x140 ./Drivers/STM32F1xx_HAL_Driver/Src/stm32f1xx_hal_i2c.o
 .text.I2C_WaitOnTXEFlagUntilTimeout
                0x080015d8       0x90 ./Drivers/STM32F1xx_HAL_Driver/Src/stm32f1xx_hal_i2c.o
 .text.I2C_WaitOnBTFFlagUntilTimeout
                0x08001668       0x90 ./Drivers/STM32F1xx_HAL_Driver/Src/stm32f1xx_hal_i2c.o
 .text.I2C_IsAcknowledgeFailed
                0x080016f8       0x5c ./Drivers/STM32F1xx_HAL_Driver/Src/stm32f1xx_hal_i2c.o
 .text.HAL_RCC_OscConfig
                0x08001754      0x504 ./Drivers/STM32F1xx_HAL_Driver/Src/stm32f1xx_hal_rcc.o
                0x08001754                HAL_RCC_OscConfig
 .text.HAL_RCC_ClockConfig
                0x08001c58      0x1d4 ./Drivers/STM32F1xx_HAL_Driver/Src/stm32f1xx_hal_rcc.o
                0x08001c58                HAL_RCC_ClockConfig
 .text.HAL_RCC_GetSysClockFreq
                0x08001e2c       0xa8 ./Drivers/STM32F1xx_HAL_Driver/Src/stm32f1xx_hal_rcc.o
                0x08001e2c                HAL_RCC_GetSysClockFreq
 .text.HAL_RCC_GetHCLKFreq
                0x08001ed4       0x14 ./Drivers/STM32F1xx_HAL_Driver/Src/stm32f1xx_hal_rcc.o
                0x08001ed4                HAL_RCC_GetHCLKFreq
 .text.HAL_RCC_GetPCLK1Freq
                0x08001ee8       0x28 ./Drivers/STM32F1xx_HAL_Driver/Src/stm32f1xx_hal_rcc.o
                0x08001ee8                HAL_RCC_GetPCLK1Freq
 .text.RCC_Delay
                0x08001f10       0x3c ./Drivers/STM32F1xx_HAL_Driver/Src/stm32f1xx_hal_rcc.o
 .text.HAL_TIM_Base_Init
                0x08001f4c       0x9e ./Drivers/STM32F1xx_HAL_Driver/Src/stm32f1xx_hal_tim.o
                0x08001f4c                HAL_TIM_Base_Init
 *fill*         0x08001fea        0x2 
 .text.HAL_TIM_Base_Start_IT
                0x08001fec       0xa4 ./Drivers/STM32F1xx_HAL_Driver/Src/stm32f1xx_hal_tim.o
                0x08001fec                HAL_TIM_Base_Start_IT
 .text.HAL_TIM_PWM_Init
                0x08002090       0x9e ./Drivers/STM32F1xx_HAL_Driver/Src/stm32f1xx_hal_tim.o
                0x08002090                HAL_TIM_PWM_Init
 .text.HAL_TIM_PWM_MspInit
                0x0800212e       0x12 ./Drivers/STM32F1xx_HAL_Driver/Src/stm32f1xx_hal_tim.o
                0x0800212e                HAL_TIM_PWM_MspInit
 .text.HAL_TIM_IRQHandler
                0x08002140      0x1e0 ./Drivers/STM32F1xx_HAL_Driver/Src/stm32f1xx_hal_tim.o
                0x08002140                HAL_TIM_IRQHandler
 .text.HAL_TIM_PWM_ConfigChannel
                0x08002320      0x184 ./Drivers/STM32F1xx_HAL_Driver/Src/stm32f1xx_hal_tim.o
                0x08002320                HAL_TIM_PWM_ConfigChannel
 .text.HAL_TIM_ConfigClockSource
                0x080024a4      0x18e ./Drivers/STM32F1xx_HAL_Driver/Src/stm32f1xx_hal_tim.o
                0x080024a4                HAL_TIM_ConfigClockSource
 .text.HAL_TIM_OC_DelayElapsedCallback
                0x08002632       0x12 ./Drivers/STM32F1xx_HAL_Driver/Src/stm32f1xx_hal_tim.o
                0x08002632                HAL_TIM_OC_DelayElapsedCallback
 .text.HAL_TIM_IC_CaptureCallback
                0x08002644       0x12 ./Drivers/STM32F1xx_HAL_Driver/Src/stm32f1xx_hal_tim.o
                0x08002644                HAL_TIM_IC_CaptureCallback
 .text.HAL_TIM_PWM_PulseFinishedCallback
                0x08002656       0x12 ./Drivers/STM32F1xx_HAL_Driver/Src/stm32f1xx_hal_tim.o
                0x08002656                HAL_TIM_PWM_PulseFinishedCallback
 .text.HAL_TIM_TriggerCallback
                0x08002668       0x12 ./Drivers/STM32F1xx_HAL_Driver/Src/stm32f1xx_hal_tim.o
                0x08002668                HAL_TIM_TriggerCallback
 *fill*         0x0800267a        0x2 
 .text.TIM_Base_SetConfig
                0x0800267c       0xdc ./Drivers/STM32F1xx_HAL_Driver/Src/stm32f1xx_hal_tim.o
                0x0800267c                TIM_Base_SetConfig
 .text.TIM_OC1_SetConfig
                0x08002758       0xcc ./Drivers/STM32F1xx_HAL_Driver/Src/stm32f1xx_hal_tim.o
 .text.TIM_OC2_SetConfig
                0x08002824       0xd4 ./Drivers/STM32F1xx_HAL_Driver/Src/stm32f1xx_hal_tim.o
                0x08002824                TIM_OC2_SetConfig
 .text.TIM_OC3_SetConfig
                0x080028f8       0xd4 ./Drivers/STM32F1xx_HAL_Driver/Src/stm32f1xx_hal_tim.o
 .text.TIM_OC4_SetConfig
                0x080029cc       0x9c ./Drivers/STM32F1xx_HAL_Driver/Src/stm32f1xx_hal_tim.o
 .text.TIM_TI1_ConfigInputStage
                0x08002a68       0x5c ./Drivers/STM32F1xx_HAL_Driver/Src/stm32f1xx_hal_tim.o
 .text.TIM_TI2_ConfigInputStage
                0x08002ac4       0x5e ./Drivers/STM32F1xx_HAL_Driver/Src/stm32f1xx_hal_tim.o
 .text.TIM_ITRx_SetConfig
                0x08002b22       0x34 ./Drivers/STM32F1xx_HAL_Driver/Src/stm32f1xx_hal_tim.o
 .text.TIM_ETR_SetConfig
                0x08002b56       0x3e ./Drivers/STM32F1xx_HAL_Driver/Src/stm32f1xx_hal_tim.o
                0x08002b56                TIM_ETR_SetConfig
 .text.HAL_TIMEx_MasterConfigSynchronization
                0x08002b94       0xbc ./Drivers/STM32F1xx_HAL_Driver/Src/stm32f1xx_hal_tim_ex.o
                0x08002b94                HAL_TIMEx_MasterConfigSynchronization
 .text.HAL_TIMEx_CommutCallback
                0x08002c50       0x12 ./Drivers/STM32F1xx_HAL_Driver/Src/stm32f1xx_hal_tim_ex.o
                0x08002c50                HAL_TIMEx_CommutCallback
 .text.HAL_TIMEx_BreakCallback
                0x08002c62       0x12 ./Drivers/STM32F1xx_HAL_Driver/Src/stm32f1xx_hal_tim_ex.o
                0x08002c62                HAL_TIMEx_BreakCallback
 .text.AlarmStateAction
                0x08002c74       0x88 ./Libraries/Application/Src/Controller/AlarmCtrl.o
                0x08002c74                AlarmStateAction
 .text.AlarmState
                0x08002cfc      0x628 ./Libraries/Application/Src/Controller/AlarmCtrl.o
                0x08002cfc                AlarmState
 .text.IdlingStateAction
                0x08003324       0x2a ./Libraries/Application/Src/Controller/IdlingCtrl.o
                0x08003324                IdlingStateAction
 .text.MenuStateAction
                0x0800334e       0x34 ./Libraries/Application/Src/Controller/MenuCtrl.o
                0x0800334e                MenuStateAction
 *fill*         0x08003382        0x2 
 .text.MainStateMachine
                0x08003384      0x114 ./Libraries/Application/Src/Controller/StateCtrl.o
                0x08003384                MainStateMachine
 .text.MainStateAction
                0x08003498       0x84 ./Libraries/Application/Src/Controller/StateCtrl.o
                0x08003498                MainStateAction
 .text.GotoXP   0x0800351c       0x2c ./Libraries/Application/Src/ScreenUtilities.o
                0x0800351c                GotoXP
 .text.NextPosition
                0x08003548       0x58 ./Libraries/Application/Src/ScreenUtilities.o
                0x08003548                NextPosition
 .text.WriteCol
                0x080035a0       0x40 ./Libraries/Application/Src/ScreenUtilities.o
                0x080035a0                WriteCol
 .text.WriteChar
                0x080035e0       0x48 ./Libraries/Application/Src/ScreenUtilities.o
                0x080035e0                WriteChar
 .text.WriteString
                0x08003628       0x38 ./Libraries/Application/Src/ScreenUtilities.o
                0x08003628                WriteString
 .text.DeleteString
                0x08003660       0x42 ./Libraries/Application/Src/ScreenUtilities.o
                0x08003660                DeleteString
 .text.SolidFill
                0x080036a2       0x52 ./Libraries/Application/Src/ScreenUtilities.o
                0x080036a2                SolidFill
 .text.DrawIcon
                0x080036f4       0x38 ./Libraries/Application/Src/ScreenUtilities.o
                0x080036f4                DrawIcon
 .text.DrawImage
                0x0800372c       0x78 ./Libraries/Application/Src/ScreenUtilities.o
                0x0800372c                DrawImage
 .text.InverseImage
                0x080037a4       0x84 ./Libraries/Application/Src/ScreenUtilities.o
                0x080037a4                InverseImage
 .text.UpdateScreen
                0x08003828       0x20 ./Libraries/Application/Src/ScreenUtilities.o
                0x08003828                UpdateScreen
 .text.DispAlarmLine
                0x08003848      0x358 ./Libraries/Application/Src/View/AlarmView.o
                0x08003848                DispAlarmLine
 .text.DispTopRightIcon
                0x08003ba0      0x114 ./Libraries/Application/Src/View/GeneralDisplay.o
                0x08003ba0                DispTopRightIcon
 .text.DispBotTime
                0x08003cb4      0x10c ./Libraries/Application/Src/View/GeneralDisplay.o
                0x08003cb4                DispBotTime
 .text.DispMainTime
                0x08003dc0      0x628 ./Libraries/Application/Src/View/IdlingView.o
                0x08003dc0                DispMainTime
 .text.DispMenuName
                0x080043e8      0x104 ./Libraries/Application/Src/View/MenuView.o
                0x080043e8                DispMenuName
 .text.DispMenuIcon
                0x080044ec      0x114 ./Libraries/Application/Src/View/MenuView.o
                0x080044ec                DispMenuIcon
 .text.Beep_Init
                0x08004600       0x28 ./Libraries/Firmware/Src/Beep_pwm.o
                0x08004600                Beep_Init
 .text.Button_Init
                0x08004628       0x5c ./Libraries/Firmware/Src/Button_gpio.o
                0x08004628                Button_Init
 .text.Button_ExePush
                0x08004684       0x88 ./Libraries/Firmware/Src/Button_gpio.o
                0x08004684                Button_ExePush
 .text.Button_ExeUp
                0x0800470c       0x88 ./Libraries/Firmware/Src/Button_gpio.o
                0x0800470c                Button_ExeUp
 .text.Button_ExeDown
                0x08004794       0x88 ./Libraries/Firmware/Src/Button_gpio.o
                0x08004794                Button_ExeDown
 .text.Led_Init
                0x0800481c       0x48 ./Libraries/Firmware/Src/Led_gpio.o
                0x0800481c                Led_Init
 .text.Oled_Init
                0x08004864      0x1c0 ./Libraries/Firmware/Src/Oled_sh1106_i2c.o
                0x08004864                Oled_Init
 .text.Oled_Update
                0x08004a24       0xf8 ./Libraries/Firmware/Src/Oled_sh1106_i2c.o
                0x08004a24                Oled_Update
 .text.Oled_WriteCmd
                0x08004b1c       0x5c ./Libraries/Firmware/Src/Oled_sh1106_i2c.o
                0x08004b1c                Oled_WriteCmd
 .text.Rtc_Init
                0x08004b78       0x20 ./Libraries/Firmware/Src/Rtc_ds1307_i2c.o
                0x08004b78                Rtc_Init
 .text.memset   0x08004b98       0x10 C:/Program Files/STM32CubeIDE_1.17.0/STM32CubeIDE/plugins/com.st.stm32cube.ide.mcu.externaltools.gnu-tools-for-stm32.12.3.rel1.win32_1.1.0.202410251130/tools/bin/../lib/gcc/arm-none-eabi/12.3.1/../../../../arm-none-eabi/lib/thumb/v7-m/nofp\libc_nano.a(libc_a-memset.o)
                0x08004b98                memset
 .text.__libc_init_array
                0x08004ba8       0x48 C:/Program Files/STM32CubeIDE_1.17.0/STM32CubeIDE/plugins/com.st.stm32cube.ide.mcu.externaltools.gnu-tools-for-stm32.12.3.rel1.win32_1.1.0.202410251130/tools/bin/../lib/gcc/arm-none-eabi/12.3.1/../../../../arm-none-eabi/lib/thumb/v7-m/nofp\libc_nano.a(libc_a-init.o)
                0x08004ba8                __libc_init_array
 *(.glue_7)
 .glue_7        0x08004bf0        0x0 linker stubs
 *(.glue_7t)
 .glue_7t       0x08004bf0        0x0 linker stubs
 *(.eh_frame)
 .eh_frame      0x08004bf0        0x0 C:/Program Files/STM32CubeIDE_1.17.0/STM32CubeIDE/plugins/com.st.stm32cube.ide.mcu.externaltools.gnu-tools-for-stm32.12.3.rel1.win32_1.1.0.202410251130/tools/bin/../lib/gcc/arm-none-eabi/12.3.1/thumb/v7-m/nofp/crtbegin.o
 *(.init)
 .init          0x08004bf0        0x4 C:/Program Files/STM32CubeIDE_1.17.0/STM32CubeIDE/plugins/com.st.stm32cube.ide.mcu.externaltools.gnu-tools-for-stm32.12.3.rel1.win32_1.1.0.202410251130/tools/bin/../lib/gcc/arm-none-eabi/12.3.1/thumb/v7-m/nofp/crti.o
                0x08004bf0                _init
 .init          0x08004bf4        0x8 C:/Program Files/STM32CubeIDE_1.17.0/STM32CubeIDE/plugins/com.st.stm32cube.ide.mcu.externaltools.gnu-tools-for-stm32.12.3.rel1.win32_1.1.0.202410251130/tools/bin/../lib/gcc/arm-none-eabi/12.3.1/thumb/v7-m/nofp/crtn.o
 *(.fini)
 .fini          0x08004bfc        0x4 C:/Program Files/STM32CubeIDE_1.17.0/STM32CubeIDE/plugins/com.st.stm32cube.ide.mcu.externaltools.gnu-tools-for-stm32.12.3.rel1.win32_1.1.0.202410251130/tools/bin/../lib/gcc/arm-none-eabi/12.3.1/thumb/v7-m/nofp/crti.o
                0x08004bfc                _fini
 .fini          0x08004c00        0x8 C:/Program Files/STM32CubeIDE_1.17.0/STM32CubeIDE/plugins/com.st.stm32cube.ide.mcu.externaltools.gnu-tools-for-stm32.12.3.rel1.win32_1.1.0.202410251130/tools/bin/../lib/gcc/arm-none-eabi/12.3.1/thumb/v7-m/nofp/crtn.o
                0x08004c08                        . = ALIGN (0x4)
                0x08004c08                        _etext = .

.vfp11_veneer   0x08004c08        0x0
 .vfp11_veneer  0x08004c08        0x0 linker stubs

.v4_bx          0x08004c08        0x0
 .v4_bx         0x08004c08        0x0 linker stubs

.iplt           0x08004c08        0x0
 .iplt          0x08004c08        0x0 C:/Program Files/STM32CubeIDE_1.17.0/STM32CubeIDE/plugins/com.st.stm32cube.ide.mcu.externaltools.gnu-tools-for-stm32.12.3.rel1.win32_1.1.0.202410251130/tools/bin/../lib/gcc/arm-none-eabi/12.3.1/thumb/v7-m/nofp/crtbegin.o

.rodata         0x08004c08      0xa28
                0x08004c08                        . = ALIGN (0x4)
 *(.rodata)
 .rodata        0x08004c08       0x15 ./Libraries/Application/Src/View/AlarmView.o
 *fill*         0x08004c1d        0x3 
 .rodata        0x08004c20        0x4 ./Libraries/Application/Src/View/GeneralDisplay.o
 .rodata        0x08004c24       0x4e ./Libraries/Application/Src/View/MenuView.o
 *(.rodata*)
 *fill*         0x08004c72        0x2 
 .rodata.AHBPrescTable
                0x08004c74       0x10 ./Core/Src/system_stm32f1xx.o
                0x08004c74                AHBPrescTable
 .rodata.APBPrescTable
                0x08004c84        0x8 ./Core/Src/system_stm32f1xx.o
                0x08004c84                APBPrescTable
 .rodata.aPLLMULFactorTable.1
                0x08004c8c       0x10 ./Drivers/STM32F1xx_HAL_Driver/Src/stm32f1xx_hal_rcc.o
 .rodata.aPredivFactorTable.0
                0x08004c9c        0x2 ./Drivers/STM32F1xx_HAL_Driver/Src/stm32f1xx_hal_rcc.o
 *fill*         0x08004c9e        0x2 
 .rodata.fonta  0x08004ca0      0x234 ./Libraries/Application/Src/ScreenUtilities.o
 .rodata.IconBattery
                0x08004ed4        0x8 ./Libraries/Application/Src/View/GeneralDisplay.o
 .rodata.IconCharge
                0x08004edc        0x6 ./Libraries/Application/Src/View/GeneralDisplay.o
 *fill*         0x08004ee2        0x2 
 .rodata.IconAlarm
                0x08004ee4        0x6 ./Libraries/Application/Src/View/GeneralDisplay.o
 *fill*         0x08004eea        0x2 
 .rodata.IconSound
                0x08004eec        0x8 ./Libraries/Application/Src/View/GeneralDisplay.o
 .rodata.IconCount
                0x08004ef4        0x8 ./Libraries/Application/Src/View/GeneralDisplay.o
 .rodata.Datetype
                0x08004efc       0x2a ./Libraries/Application/Src/View/GeneralDisplay.o
 *fill*         0x08004f26        0x2 
 .rodata.Zero   0x08004f28       0x48 ./Libraries/Application/Src/View/IdlingView.o
 .rodata.One    0x08004f70       0x48 ./Libraries/Application/Src/View/IdlingView.o
 .rodata.Two    0x08004fb8       0x48 ./Libraries/Application/Src/View/IdlingView.o
 .rodata.Three  0x08005000       0x48 ./Libraries/Application/Src/View/IdlingView.o
 .rodata.Four   0x08005048       0x48 ./Libraries/Application/Src/View/IdlingView.o
 .rodata.Five   0x08005090       0x48 ./Libraries/Application/Src/View/IdlingView.o
 .rodata.Six    0x080050d8       0x48 ./Libraries/Application/Src/View/IdlingView.o
 .rodata.Seven  0x08005120       0x48 ./Libraries/Application/Src/View/IdlingView.o
 .rodata.Eight  0x08005168       0x48 ./Libraries/Application/Src/View/IdlingView.o
 .rodata.Nine   0x080051b0       0x48 ./Libraries/Application/Src/View/IdlingView.o
 .rodata.Zeros  0x080051f8       0x1b ./Libraries/Application/Src/View/IdlingView.o
 *fill*         0x08005213        0x1 
 .rodata.Ones   0x08005214       0x1b ./Libraries/Application/Src/View/IdlingView.o
 *fill*         0x0800522f        0x1 
 .rodata.Twos   0x08005230       0x1b ./Libraries/Application/Src/View/IdlingView.o
 *fill*         0x0800524b        0x1 
 .rodata.Threes
                0x0800524c       0x1b ./Libraries/Application/Src/View/IdlingView.o
 *fill*         0x08005267        0x1 
 .rodata.Fours  0x08005268       0x1b ./Libraries/Application/Src/View/IdlingView.o
 *fill*         0x08005283        0x1 
 .rodata.Fives  0x08005284       0x1b ./Libraries/Application/Src/View/IdlingView.o
 *fill*         0x0800529f        0x1 
 .rodata.Sixs   0x080052a0       0x1b ./Libraries/Application/Src/View/IdlingView.o
 *fill*         0x080052bb        0x1 
 .rodata.Sevens
                0x080052bc       0x1b ./Libraries/Application/Src/View/IdlingView.o
 *fill*         0x080052d7        0x1 
 .rodata.Eights
                0x080052d8       0x1b ./Libraries/Application/Src/View/IdlingView.o
 *fill*         0x080052f3        0x1 
 .rodata.Nines  0x080052f4       0x1b ./Libraries/Application/Src/View/IdlingView.o
 *fill*         0x0800530f        0x1 
 .rodata.Dots   0x08005310       0x20 ./Libraries/Application/Src/View/IdlingView.o
 .rodata.AlarmMenu
                0x08005330       0x80 ./Libraries/Application/Src/View/MenuView.o
 .rodata.CounterMenu
                0x080053b0       0x80 ./Libraries/Application/Src/View/MenuView.o
 .rodata.FlashMenu
                0x08005430       0x80 ./Libraries/Application/Src/View/MenuView.o
 .rodata.SettingMenu
                0x080054b0       0x80 ./Libraries/Application/Src/View/MenuView.o
 .rodata.CreditMenu
                0x08005530       0x80 ./Libraries/Application/Src/View/MenuView.o
 .rodata.BackMenu
                0x080055b0       0x80 ./Libraries/Application/Src/View/MenuView.o
                0x08005630                        . = ALIGN (0x4)

.ARM.extab      0x08005630        0x0
                0x08005630                        . = ALIGN (0x4)
 *(.ARM.extab* .gnu.linkonce.armextab.*)
                0x08005630                        . = ALIGN (0x4)

.ARM            0x08005630        0x0
                0x08005630                        . = ALIGN (0x4)
                0x08005630                        __exidx_start = .
 *(.ARM.exidx*)
                0x08005630                        __exidx_end = .
                0x08005630                        . = ALIGN (0x4)

.preinit_array  0x08005630        0x0
                0x08005630                        . = ALIGN (0x4)
                0x08005630                        PROVIDE (__preinit_array_start = .)
 *(.preinit_array*)
                0x08005630                        PROVIDE (__preinit_array_end = .)
                0x08005630                        . = ALIGN (0x4)

.init_array     0x08005630        0x4
                0x08005630                        . = ALIGN (0x4)
                0x08005630                        PROVIDE (__init_array_start = .)
 *(SORT_BY_NAME(.init_array.*))
 *(.init_array*)
 .init_array    0x08005630        0x4 C:/Program Files/STM32CubeIDE_1.17.0/STM32CubeIDE/plugins/com.st.stm32cube.ide.mcu.externaltools.gnu-tools-for-stm32.12.3.rel1.win32_1.1.0.202410251130/tools/bin/../lib/gcc/arm-none-eabi/12.3.1/thumb/v7-m/nofp/crtbegin.o
                0x08005634                        PROVIDE (__init_array_end = .)
                0x08005634                        . = ALIGN (0x4)

.fini_array     0x08005634        0x4
                0x08005634                        . = ALIGN (0x4)
                [!provide]                        PROVIDE (__fini_array_start = .)
 *(SORT_BY_NAME(.fini_array.*))
 *(.fini_array*)
 .fini_array    0x08005634        0x4 C:/Program Files/STM32CubeIDE_1.17.0/STM32CubeIDE/plugins/com.st.stm32cube.ide.mcu.externaltools.gnu-tools-for-stm32.12.3.rel1.win32_1.1.0.202410251130/tools/bin/../lib/gcc/arm-none-eabi/12.3.1/thumb/v7-m/nofp/crtbegin.o
                [!provide]                        PROVIDE (__fini_array_end = .)
                0x08005638                        . = ALIGN (0x4)
                0x08005638                        _sidata = LOADADDR (.data)

.rel.dyn        0x08005638        0x0
 .rel.iplt      0x08005638        0x0 C:/Program Files/STM32CubeIDE_1.17.0/STM32CubeIDE/plugins/com.st.stm32cube.ide.mcu.externaltools.gnu-tools-for-stm32.12.3.rel1.win32_1.1.0.202410251130/tools/bin/../lib/gcc/arm-none-eabi/12.3.1/thumb/v7-m/nofp/crtbegin.o

.data           0x20000000       0x1c load address 0x08005638
                0x20000000                        . = ALIGN (0x4)
                0x20000000                        _sdata = .
 *(.data)
 *(.data*)
 .data.SystemCoreClock
                0x20000000        0x4 ./Core/Src/system_stm32f1xx.o
                0x20000000                SystemCoreClock
 .data.uwTickPrio
                0x20000004        0x4 ./Drivers/STM32F1xx_HAL_Driver/Src/stm32f1xx_hal.o
                0x20000004                uwTickPrio
 .data.uwTickFreq
                0x20000008        0x1 ./Drivers/STM32F1xx_HAL_Driver/Src/stm32f1xx_hal.o
                0x20000008                uwTickFreq
 .data.Alarmline
                0x20000009        0x1 ./Libraries/Application/Src/Controller/AlarmCtrl.o
                0x20000009                Alarmline
 .data.uFuncMenu
                0x2000000a        0x1 ./Libraries/Application/Src/Controller/StateCtrl.o
                0x2000000a                uFuncMenu
 *fill*         0x2000000b        0x1 
 .data.stCurrentTime
                0x2000000c        0xd ./Libraries/Application/Src/Controller/StateCtrl.o
                0x2000000c                stCurrentTime
 *(.RamFunc)
 *(.RamFunc*)
                0x2000001c                        . = ALIGN (0x4)
 *fill*         0x20000019        0x3 
                0x2000001c                        _edata = .

.igot.plt       0x2000001c        0x0 load address 0x08005654
 .igot.plt      0x2000001c        0x0 C:/Program Files/STM32CubeIDE_1.17.0/STM32CubeIDE/plugins/com.st.stm32cube.ide.mcu.externaltools.gnu-tools-for-stm32.12.3.rel1.win32_1.1.0.202410251130/tools/bin/../lib/gcc/arm-none-eabi/12.3.1/thumb/v7-m/nofp/crtbegin.o
                0x2000001c                        . = ALIGN (0x4)

.bss            0x2000001c      0x56c load address 0x08005654
                0x2000001c                        _sbss = .
                0x2000001c                        __bss_start__ = _sbss
 *(.bss)
 .bss           0x2000001c       0x1c C:/Program Files/STM32CubeIDE_1.17.0/STM32CubeIDE/plugins/com.st.stm32cube.ide.mcu.externaltools.gnu-tools-for-stm32.12.3.rel1.win32_1.1.0.202410251130/tools/bin/../lib/gcc/arm-none-eabi/12.3.1/thumb/v7-m/nofp/crtbegin.o
 *(.bss*)
 .bss.hi2c1     0x20000038       0x54 ./Core/Src/main.o
                0x20000038                hi2c1
 .bss.htim1     0x2000008c       0x48 ./Core/Src/main.o
                0x2000008c                htim1
 .bss.htim3     0x200000d4       0x48 ./Core/Src/main.o
                0x200000d4                htim3
 .bss.updatescreen
                0x2000011c        0x1 ./Core/Src/main.o
                0x2000011c                updatescreen
 *fill*         0x2000011d        0x3 
 .bss.uwTick    0x20000120        0x4 ./Drivers/STM32F1xx_HAL_Driver/Src/stm32f1xx_hal.o
                0x20000120                uwTick
 .bss.AlarmPos  0x20000124        0x1 ./Libraries/Application/Src/Controller/AlarmCtrl.o
                0x20000124                AlarmPos
 .bss.uStateLevel
                0x20000125        0x1 ./Libraries/Application/Src/Controller/StateCtrl.o
                0x20000125                uStateLevel
 .bss.uNumIcon  0x20000126        0x1 ./Libraries/Application/Src/Controller/StateCtrl.o
                0x20000126                uNumIcon
 *fill*         0x20000127        0x1 
 .bss.stAlarm1  0x20000128       0x1e ./Libraries/Application/Src/Controller/StateCtrl.o
                0x20000128                stAlarm1
 *fill*         0x20000146        0x2 
 .bss.btnUp     0x20000148        0x4 ./Libraries/Application/Src/Controller/StateCtrl.o
                0x20000148                btnUp
 .bss.btnDown   0x2000014c        0x4 ./Libraries/Application/Src/Controller/StateCtrl.o
                0x2000014c                btnDown
 .bss.btnPush   0x20000150        0x4 ./Libraries/Application/Src/Controller/StateCtrl.o
                0x20000150                btnPush
 .bss.Buffer    0x20000154      0x400 ./Libraries/Application/Src/ScreenUtilities.o
                0x20000154                Buffer
 .bss.Pos       0x20000554        0x2 ./Libraries/Application/Src/ScreenUtilities.o
                0x20000554                Pos
 *fill*         0x20000556        0x2 
 .bss.pTimCtrlBeep
                0x20000558        0x4 ./Libraries/Firmware/Src/Beep_pwm.o
                0x20000558                pTimCtrlBeep
 .bss.uTimChannel
                0x2000055c        0x4 ./Libraries/Firmware/Src/Beep_pwm.o
                0x2000055c                uTimChannel
 .bss.pGpioCtrlBtnUp
                0x20000560        0x4 ./Libraries/Firmware/Src/Button_gpio.o
                0x20000560                pGpioCtrlBtnUp
 .bss.pGpioCtrlBtnDown
                0x20000564        0x4 ./Libraries/Firmware/Src/Button_gpio.o
                0x20000564                pGpioCtrlBtnDown
 .bss.pGpioCtrlBtnPush
                0x20000568        0x4 ./Libraries/Firmware/Src/Button_gpio.o
                0x20000568                pGpioCtrlBtnPush
 .bss.uGpioPinUp
                0x2000056c        0x2 ./Libraries/Firmware/Src/Button_gpio.o
                0x2000056c                uGpioPinUp
 .bss.uGpioPinDown
                0x2000056e        0x2 ./Libraries/Firmware/Src/Button_gpio.o
                0x2000056e                uGpioPinDown
 .bss.uGpioPinPush
                0x20000570        0x2 ./Libraries/Firmware/Src/Button_gpio.o
                0x20000570                uGpioPinPush
 *fill*         0x20000572        0x2 
 .bss.pGpioCtrlLed1
                0x20000574        0x4 ./Libraries/Firmware/Src/Led_gpio.o
                0x20000574                pGpioCtrlLed1
 .bss.pGpioCtrlLed2
                0x20000578        0x4 ./Libraries/Firmware/Src/Led_gpio.o
                0x20000578                pGpioCtrlLed2
 .bss.uGpioPin1
                0x2000057c        0x2 ./Libraries/Firmware/Src/Led_gpio.o
                0x2000057c                uGpioPin1
 .bss.uGpioPin2
                0x2000057e        0x2 ./Libraries/Firmware/Src/Led_gpio.o
                0x2000057e                uGpioPin2
 .bss.pI2cCtrlSh1106
                0x20000580        0x4 ./Libraries/Firmware/Src/Oled_sh1106_i2c.o
                0x20000580                pI2cCtrlSh1106
 .bss.pI2cController
                0x20000584        0x4 ./Libraries/Firmware/Src/Rtc_ds1307_i2c.o
                0x20000584                pI2cController
 *(COMMON)
                0x20000588                        . = ALIGN (0x4)
                0x20000588                        _ebss = .
                0x20000588                        __bss_end__ = _ebss

._user_heap_stack
                0x20000588      0x600 load address 0x08005654
                0x20000588                        . = ALIGN (0x8)
                [!provide]                        PROVIDE (end = .)
                0x20000588                        PROVIDE (_end = .)
                0x20000788                        . = (. + _Min_Heap_Size)
 *fill*         0x20000588      0x200 
                0x20000b88                        . = (. + _Min_Stack_Size)
 *fill*         0x20000788      0x400 
                0x20000b88                        . = ALIGN (0x8)

/DISCARD/
 libc.a(*)
 libm.a(*)
 libgcc.a(*)

.ARM.attributes
                0x00000000       0x29
 *(.ARM.attributes)
 .ARM.attributes
                0x00000000       0x1d C:/Program Files/STM32CubeIDE_1.17.0/STM32CubeIDE/plugins/com.st.stm32cube.ide.mcu.externaltools.gnu-tools-for-stm32.12.3.rel1.win32_1.1.0.202410251130/tools/bin/../lib/gcc/arm-none-eabi/12.3.1/thumb/v7-m/nofp/crti.o
 .ARM.attributes
                0x0000001d       0x2d C:/Program Files/STM32CubeIDE_1.17.0/STM32CubeIDE/plugins/com.st.stm32cube.ide.mcu.externaltools.gnu-tools-for-stm32.12.3.rel1.win32_1.1.0.202410251130/tools/bin/../lib/gcc/arm-none-eabi/12.3.1/thumb/v7-m/nofp/crtbegin.o
 .ARM.attributes
                0x0000004a       0x2d ./Core/Src/main.o
 .ARM.attributes
                0x00000077       0x2d ./Core/Src/stm32f1xx_hal_msp.o
 .ARM.attributes
                0x000000a4       0x2d ./Core/Src/stm32f1xx_it.o
 .ARM.attributes
                0x000000d1       0x2d ./Core/Src/system_stm32f1xx.o
 .ARM.attributes
                0x000000fe       0x21 ./Core/Startup/startup_stm32f103c8tx.o
 .ARM.attributes
                0x0000011f       0x2d ./Drivers/STM32F1xx_HAL_Driver/Src/stm32f1xx_hal.o
 .ARM.attributes
                0x0000014c       0x2d ./Drivers/STM32F1xx_HAL_Driver/Src/stm32f1xx_hal_cortex.o
 .ARM.attributes
                0x00000179       0x2d ./Drivers/STM32F1xx_HAL_Driver/Src/stm32f1xx_hal_gpio.o
 .ARM.attributes
                0x000001a6       0x2d ./Drivers/STM32F1xx_HAL_Driver/Src/stm32f1xx_hal_i2c.o
 .ARM.attributes
                0x000001d3       0x2d ./Drivers/STM32F1xx_HAL_Driver/Src/stm32f1xx_hal_rcc.o
 .ARM.attributes
                0x00000200       0x2d ./Drivers/STM32F1xx_HAL_Driver/Src/stm32f1xx_hal_tim.o
 .ARM.attributes
                0x0000022d       0x2d ./Drivers/STM32F1xx_HAL_Driver/Src/stm32f1xx_hal_tim_ex.o
 .ARM.attributes
                0x0000025a       0x2d ./Libraries/Application/Src/Controller/AlarmCtrl.o
 .ARM.attributes
                0x00000287       0x2d ./Libraries/Application/Src/Controller/IdlingCtrl.o
 .ARM.attributes
                0x000002b4       0x2d ./Libraries/Application/Src/Controller/MenuCtrl.o
 .ARM.attributes
                0x000002e1       0x2d ./Libraries/Application/Src/Controller/StateCtrl.o
 .ARM.attributes
                0x0000030e       0x2d ./Libraries/Application/Src/ScreenUtilities.o
 .ARM.attributes
                0x0000033b       0x2d ./Libraries/Application/Src/View/AlarmView.o
 .ARM.attributes
                0x00000368       0x2d ./Libraries/Application/Src/View/GeneralDisplay.o
 .ARM.attributes
                0x00000395       0x2d ./Libraries/Application/Src/View/IdlingView.o
 .ARM.attributes
                0x000003c2       0x2d ./Libraries/Application/Src/View/MenuView.o
 .ARM.attributes
                0x000003ef       0x2d ./Libraries/Firmware/Src/Beep_pwm.o
 .ARM.attributes
                0x0000041c       0x2d ./Libraries/Firmware/Src/Button_gpio.o
 .ARM.attributes
                0x00000449       0x2d ./Libraries/Firmware/Src/Led_gpio.o
 .ARM.attributes
                0x00000476       0x2d ./Libraries/Firmware/Src/Oled_sh1106_i2c.o
 .ARM.attributes
                0x000004a3       0x2d ./Libraries/Firmware/Src/Rtc_ds1307_i2c.o
 .ARM.attributes
                0x000004d0       0x2d C:/Program Files/STM32CubeIDE_1.17.0/STM32CubeIDE/plugins/com.st.stm32cube.ide.mcu.externaltools.gnu-tools-for-stm32.12.3.rel1.win32_1.1.0.202410251130/tools/bin/../lib/gcc/arm-none-eabi/12.3.1/../../../../arm-none-eabi/lib/thumb/v7-m/nofp\libc_nano.a(libc_a-memset.o)
 .ARM.attributes
                0x000004fd       0x2d C:/Program Files/STM32CubeIDE_1.17.0/STM32CubeIDE/plugins/com.st.stm32cube.ide.mcu.externaltools.gnu-tools-for-stm32.12.3.rel1.win32_1.1.0.202410251130/tools/bin/../lib/gcc/arm-none-eabi/12.3.1/../../../../arm-none-eabi/lib/thumb/v7-m/nofp\libc_nano.a(libc_a-init.o)
 .ARM.attributes
                0x0000052a       0x1d C:/Program Files/STM32CubeIDE_1.17.0/STM32CubeIDE/plugins/com.st.stm32cube.ide.mcu.externaltools.gnu-tools-for-stm32.12.3.rel1.win32_1.1.0.202410251130/tools/bin/../lib/gcc/arm-none-eabi/12.3.1/thumb/v7-m/nofp/crtn.o
OUTPUT(Donghodeotay_STM32.elf elf32-littlearm)
LOAD linker stubs
LOAD C:/Program Files/STM32CubeIDE_1.17.0/STM32CubeIDE/plugins/com.st.stm32cube.ide.mcu.externaltools.gnu-tools-for-stm32.12.3.rel1.win32_1.1.0.202410251130/tools/bin/../lib/gcc/arm-none-eabi/12.3.1/../../../../arm-none-eabi/lib/thumb/v7-m/nofp\libc.a
LOAD C:/Program Files/STM32CubeIDE_1.17.0/STM32CubeIDE/plugins/com.st.stm32cube.ide.mcu.externaltools.gnu-tools-for-stm32.12.3.rel1.win32_1.1.0.202410251130/tools/bin/../lib/gcc/arm-none-eabi/12.3.1/../../../../arm-none-eabi/lib/thumb/v7-m/nofp\libm.a
LOAD C:/Program Files/STM32CubeIDE_1.17.0/STM32CubeIDE/plugins/com.st.stm32cube.ide.mcu.externaltools.gnu-tools-for-stm32.12.3.rel1.win32_1.1.0.202410251130/tools/bin/../lib/gcc/arm-none-eabi/12.3.1/thumb/v7-m/nofp\libgcc.a

.debug_info     0x00000000     0xea63
 .debug_info    0x00000000     0x1496 ./Core/Src/main.o
 .debug_info    0x00001496      0xde2 ./Core/Src/stm32f1xx_hal_msp.o
 .debug_info    0x00002278      0x6a1 ./Core/Src/stm32f1xx_it.o
 .debug_info    0x00002919      0x222 ./Core/Src/system_stm32f1xx.o
 .debug_info    0x00002b3b       0x30 ./Core/Startup/startup_stm32f103c8tx.o
 .debug_info    0x00002b6b      0x704 ./Drivers/STM32F1xx_HAL_Driver/Src/stm32f1xx_hal.o
 .debug_info    0x0000326f      0xa87 ./Drivers/STM32F1xx_HAL_Driver/Src/stm32f1xx_hal_cortex.o
 .debug_info    0x00003cf6      0x5ab ./Drivers/STM32F1xx_HAL_Driver/Src/stm32f1xx_hal_gpio.o
 .debug_info    0x000042a1     0x2524 ./Drivers/STM32F1xx_HAL_Driver/Src/stm32f1xx_hal_i2c.o
 .debug_info    0x000067c5      0x7d5 ./Drivers/STM32F1xx_HAL_Driver/Src/stm32f1xx_hal_rcc.o
 .debug_info    0x00006f9a     0x2959 ./Drivers/STM32F1xx_HAL_Driver/Src/stm32f1xx_hal_tim.o
 .debug_info    0x000098f3     0x149b ./Drivers/STM32F1xx_HAL_Driver/Src/stm32f1xx_hal_tim_ex.o
 .debug_info    0x0000ad8e      0x44f ./Libraries/Application/Src/Controller/AlarmCtrl.o
 .debug_info    0x0000b1dd      0x3b0 ./Libraries/Application/Src/Controller/IdlingCtrl.o
 .debug_info    0x0000b58d      0x2d9 ./Libraries/Application/Src/Controller/MenuCtrl.o
 .debug_info    0x0000b866      0x6df ./Libraries/Application/Src/Controller/StateCtrl.o
 .debug_info    0x0000bf45      0x45b ./Libraries/Application/Src/ScreenUtilities.o
 .debug_info    0x0000c3a0      0x1d6 ./Libraries/Application/Src/View/AlarmView.o
 .debug_info    0x0000c576      0x321 ./Libraries/Application/Src/View/GeneralDisplay.o
 .debug_info    0x0000c897      0x367 ./Libraries/Application/Src/View/IdlingView.o
 .debug_info    0x0000cbfe      0x26a ./Libraries/Application/Src/View/MenuView.o
 .debug_info    0x0000ce68      0x75a ./Libraries/Firmware/Src/Beep_pwm.o
 .debug_info    0x0000d5c2      0x2f5 ./Libraries/Firmware/Src/Button_gpio.o
 .debug_info    0x0000d8b7      0x24b ./Libraries/Firmware/Src/Led_gpio.o
 .debug_info    0x0000db02      0x772 ./Libraries/Firmware/Src/Oled_sh1106_i2c.o
 .debug_info    0x0000e274      0x7ef ./Libraries/Firmware/Src/Rtc_ds1307_i2c.o

.debug_abbrev   0x00000000     0x2b6b
 .debug_abbrev  0x00000000      0x304 ./Core/Src/main.o
 .debug_abbrev  0x00000304      0x1d5 ./Core/Src/stm32f1xx_hal_msp.o
 .debug_abbrev  0x000004d9      0x191 ./Core/Src/stm32f1xx_it.o
 .debug_abbrev  0x0000066a      0x13f ./Core/Src/system_stm32f1xx.o
 .debug_abbrev  0x000007a9       0x24 ./Core/Startup/startup_stm32f103c8tx.o
 .debug_abbrev  0x000007cd      0x201 ./Drivers/STM32F1xx_HAL_Driver/Src/stm32f1xx_hal.o
 .debug_abbrev  0x000009ce      0x2f8 ./Drivers/STM32F1xx_HAL_Driver/Src/stm32f1xx_hal_cortex.o
 .debug_abbrev  0x00000cc6      0x1ca ./Drivers/STM32F1xx_HAL_Driver/Src/stm32f1xx_hal_gpio.o
 .debug_abbrev  0x00000e90      0x2a3 ./Drivers/STM32F1xx_HAL_Driver/Src/stm32f1xx_hal_i2c.o
 .debug_abbrev  0x00001133      0x2b3 ./Drivers/STM32F1xx_HAL_Driver/Src/stm32f1xx_hal_rcc.o
 .debug_abbrev  0x000013e6      0x277 ./Drivers/STM32F1xx_HAL_Driver/Src/stm32f1xx_hal_tim.o
 .debug_abbrev  0x0000165d      0x282 ./Drivers/STM32F1xx_HAL_Driver/Src/stm32f1xx_hal_tim_ex.o
 .debug_abbrev  0x000018df      0x146 ./Libraries/Application/Src/Controller/AlarmCtrl.o
 .debug_abbrev  0x00001a25      0x151 ./Libraries/Application/Src/Controller/IdlingCtrl.o
 .debug_abbrev  0x00001b76      0x143 ./Libraries/Application/Src/Controller/MenuCtrl.o
 .debug_abbrev  0x00001cb9      0x134 ./Libraries/Application/Src/Controller/StateCtrl.o
 .debug_abbrev  0x00001ded      0x170 ./Libraries/Application/Src/ScreenUtilities.o
 .debug_abbrev  0x00001f5d      0x106 ./Libraries/Application/Src/View/AlarmView.o
 .debug_abbrev  0x00002063      0x13c ./Libraries/Application/Src/View/GeneralDisplay.o
 .debug_abbrev  0x0000219f      0x107 ./Libraries/Application/Src/View/IdlingView.o
 .debug_abbrev  0x000022a6       0xfc ./Libraries/Application/Src/View/MenuView.o
 .debug_abbrev  0x000023a2      0x1a6 ./Libraries/Firmware/Src/Beep_pwm.o
 .debug_abbrev  0x00002548      0x148 ./Libraries/Firmware/Src/Button_gpio.o
 .debug_abbrev  0x00002690      0x150 ./Libraries/Firmware/Src/Led_gpio.o
 .debug_abbrev  0x000027e0      0x1c0 ./Libraries/Firmware/Src/Oled_sh1106_i2c.o
 .debug_abbrev  0x000029a0      0x1cb ./Libraries/Firmware/Src/Rtc_ds1307_i2c.o

.debug_aranges  0x00000000      0xeb8
 .debug_aranges
                0x00000000       0x58 ./Core/Src/main.o
 .debug_aranges
                0x00000058       0x48 ./Core/Src/stm32f1xx_hal_msp.o
 .debug_aranges
                0x000000a0       0x68 ./Core/Src/stm32f1xx_it.o
 .debug_aranges
                0x00000108       0x28 ./Core/Src/system_stm32f1xx.o
 .debug_aranges
                0x00000130       0x28 ./Core/Startup/startup_stm32f103c8tx.o
 .debug_aranges
                0x00000158       0xe0 ./Drivers/STM32F1xx_HAL_Driver/Src/stm32f1xx_hal.o
 .debug_aranges
                0x00000238      0x100 ./Drivers/STM32F1xx_HAL_Driver/Src/stm32f1xx_hal_cortex.o
 .debug_aranges
                0x00000338       0x58 ./Drivers/STM32F1xx_HAL_Driver/Src/stm32f1xx_hal_gpio.o
 .debug_aranges
                0x00000390      0x2a8 ./Drivers/STM32F1xx_HAL_Driver/Src/stm32f1xx_hal_i2c.o
 .debug_aranges
                0x00000638       0x90 ./Drivers/STM32F1xx_HAL_Driver/Src/stm32f1xx_hal_rcc.o
 .debug_aranges
                0x000006c8      0x3d0 ./Drivers/STM32F1xx_HAL_Driver/Src/stm32f1xx_hal_tim.o
 .debug_aranges
                0x00000a98      0x168 ./Drivers/STM32F1xx_HAL_Driver/Src/stm32f1xx_hal_tim_ex.o
 .debug_aranges
                0x00000c00       0x30 ./Libraries/Application/Src/Controller/AlarmCtrl.o
 .debug_aranges
                0x00000c30       0x20 ./Libraries/Application/Src/Controller/IdlingCtrl.o
 .debug_aranges
                0x00000c50       0x20 ./Libraries/Application/Src/Controller/MenuCtrl.o
 .debug_aranges
                0x00000c70       0x28 ./Libraries/Application/Src/Controller/StateCtrl.o
 .debug_aranges
                0x00000c98       0x78 ./Libraries/Application/Src/ScreenUtilities.o
 .debug_aranges
                0x00000d10       0x20 ./Libraries/Application/Src/View/AlarmView.o
 .debug_aranges
                0x00000d30       0x28 ./Libraries/Application/Src/View/GeneralDisplay.o
 .debug_aranges
                0x00000d58       0x20 ./Libraries/Application/Src/View/IdlingView.o
 .debug_aranges
                0x00000d78       0x28 ./Libraries/Application/Src/View/MenuView.o
 .debug_aranges
                0x00000da0       0x28 ./Libraries/Firmware/Src/Beep_pwm.o
 .debug_aranges
                0x00000dc8       0x38 ./Libraries/Firmware/Src/Button_gpio.o
 .debug_aranges
                0x00000e00       0x30 ./Libraries/Firmware/Src/Led_gpio.o
 .debug_aranges
                0x00000e30       0x38 ./Libraries/Firmware/Src/Oled_sh1106_i2c.o
 .debug_aranges
                0x00000e68       0x50 ./Libraries/Firmware/Src/Rtc_ds1307_i2c.o

.debug_rnglists
                0x00000000      0xb59
 .debug_rnglists
                0x00000000       0x41 ./Core/Src/main.o
 .debug_rnglists
                0x00000041       0x31 ./Core/Src/stm32f1xx_hal_msp.o
 .debug_rnglists
                0x00000072       0x49 ./Core/Src/stm32f1xx_it.o
 .debug_rnglists
                0x000000bb       0x1a ./Core/Src/system_stm32f1xx.o
 .debug_rnglists
                0x000000d5       0x19 ./Core/Startup/startup_stm32f103c8tx.o
 .debug_rnglists
                0x000000ee       0xa3 ./Drivers/STM32F1xx_HAL_Driver/Src/stm32f1xx_hal.o
 .debug_rnglists
                0x00000191       0xbb ./Drivers/STM32F1xx_HAL_Driver/Src/stm32f1xx_hal_cortex.o
 .debug_rnglists
                0x0000024c       0x3f ./Drivers/STM32F1xx_HAL_Driver/Src/stm32f1xx_hal_gpio.o
 .debug_rnglists
                0x0000028b      0x23c ./Drivers/STM32F1xx_HAL_Driver/Src/stm32f1xx_hal_i2c.o
 .debug_rnglists
                0x000004c7       0x6c ./Drivers/STM32F1xx_HAL_Driver/Src/stm32f1xx_hal_rcc.o
 .debug_rnglists
                0x00000533      0x31a ./Drivers/STM32F1xx_HAL_Driver/Src/stm32f1xx_hal_tim.o
 .debug_rnglists
                0x0000084d      0x125 ./Drivers/STM32F1xx_HAL_Driver/Src/stm32f1xx_hal_tim_ex.o
 .debug_rnglists
                0x00000972       0x22 ./Libraries/Application/Src/Controller/AlarmCtrl.o
 .debug_rnglists
                0x00000994       0x13 ./Libraries/Application/Src/Controller/IdlingCtrl.o
 .debug_rnglists
                0x000009a7       0x13 ./Libraries/Application/Src/Controller/MenuCtrl.o
 .debug_rnglists
                0x000009ba       0x1b ./Libraries/Application/Src/Controller/StateCtrl.o
 .debug_rnglists
                0x000009d5       0x56 ./Libraries/Application/Src/ScreenUtilities.o
 .debug_rnglists
                0x00000a2b       0x14 ./Libraries/Application/Src/View/AlarmView.o
 .debug_rnglists
                0x00000a3f       0x1b ./Libraries/Application/Src/View/GeneralDisplay.o
 .debug_rnglists
                0x00000a5a       0x14 ./Libraries/Application/Src/View/IdlingView.o
 .debug_rnglists
                0x00000a6e       0x1b ./Libraries/Application/Src/View/MenuView.o
 .debug_rnglists
                0x00000a89       0x1a ./Libraries/Firmware/Src/Beep_pwm.o
 .debug_rnglists
                0x00000aa3       0x28 ./Libraries/Firmware/Src/Button_gpio.o
 .debug_rnglists
                0x00000acb       0x1f ./Libraries/Firmware/Src/Led_gpio.o
 .debug_rnglists
                0x00000aea       0x36 ./Libraries/Firmware/Src/Oled_sh1106_i2c.o
 .debug_rnglists
                0x00000b20       0x39 ./Libraries/Firmware/Src/Rtc_ds1307_i2c.o

.debug_macro    0x00000000    0x1926d
 .debug_macro   0x00000000      0x7aa ./Core/Src/main.o
 .debug_macro   0x000007aa      0xaa8 ./Core/Src/main.o
 .debug_macro   0x00001252      0x21b ./Core/Src/main.o
 .debug_macro   0x0000146d       0x2e ./Core/Src/main.o
 .debug_macro   0x0000149b       0x22 ./Core/Src/main.o
 .debug_macro   0x000014bd       0x22 ./Core/Src/main.o
 .debug_macro   0x000014df       0x8e ./Core/Src/main.o
 .debug_macro   0x0000156d       0x51 ./Core/Src/main.o
 .debug_macro   0x000015be      0x103 ./Core/Src/main.o
 .debug_macro   0x000016c1       0x6a ./Core/Src/main.o
 .debug_macro   0x0000172b      0x1df ./Core/Src/main.o
 .debug_macro   0x0000190a       0x1c ./Core/Src/main.o
 .debug_macro   0x00001926       0x22 ./Core/Src/main.o
 .debug_macro   0x00001948       0xbd ./Core/Src/main.o
 .debug_macro   0x00001a05      0xd23 ./Core/Src/main.o
 .debug_macro   0x00002728     0xe09e ./Core/Src/main.o
 .debug_macro   0x000107c6       0x6d ./Core/Src/main.o
 .debug_macro   0x00010833     0x34a2 ./Core/Src/main.o
 .debug_macro   0x00013cd5      0x189 ./Core/Src/main.o
 .debug_macro   0x00013e5e       0x5c ./Core/Src/main.o
 .debug_macro   0x00013eba      0x5bc ./Core/Src/main.o
 .debug_macro   0x00014476      0x289 ./Core/Src/main.o
 .debug_macro   0x000146ff      0x1cb ./Core/Src/main.o
 .debug_macro   0x000148ca      0x114 ./Core/Src/main.o
 .debug_macro   0x000149de      0x1b2 ./Core/Src/main.o
 .debug_macro   0x00014b90       0x27 ./Core/Src/main.o
 .debug_macro   0x00014bb7      0x136 ./Core/Src/main.o
 .debug_macro   0x00014ced      0x1bc ./Core/Src/main.o
 .debug_macro   0x00014ea9       0x34 ./Core/Src/main.o
 .debug_macro   0x00014edd       0x3c ./Core/Src/main.o
 .debug_macro   0x00014f19       0x57 ./Core/Src/main.o
 .debug_macro   0x00014f70       0x87 ./Core/Src/main.o
 .debug_macro   0x00014ff7      0x240 ./Core/Src/main.o
 .debug_macro   0x00015237      0x287 ./Core/Src/main.o
 .debug_macro   0x000154be      0x140 ./Core/Src/main.o
 .debug_macro   0x000155fe      0x8ed ./Core/Src/main.o
 .debug_macro   0x00015eeb       0x83 ./Core/Src/main.o
 .debug_macro   0x00015f6e       0xa6 ./Core/Src/main.o
 .debug_macro   0x00016014       0x22 ./Core/Src/main.o
 .debug_macro   0x00016036       0x52 ./Core/Src/main.o
 .debug_macro   0x00016088       0x2e ./Core/Src/main.o
 .debug_macro   0x000160b6       0x34 ./Core/Src/main.o
 .debug_macro   0x000160ea       0x2e ./Core/Src/main.o
 .debug_macro   0x00016118       0x28 ./Core/Src/main.o
 .debug_macro   0x00016140       0xa0 ./Core/Src/main.o
 .debug_macro   0x000161e0       0x10 ./Core/Src/main.o
 .debug_macro   0x000161f0       0xe2 ./Core/Src/main.o
 .debug_macro   0x000162d2      0x1ad ./Core/Src/stm32f1xx_hal_msp.o
 .debug_macro   0x0001647f      0x1b7 ./Core/Src/stm32f1xx_it.o
 .debug_macro   0x00016636      0x1a3 ./Core/Src/system_stm32f1xx.o
 .debug_macro   0x000167d9      0x1c7 ./Drivers/STM32F1xx_HAL_Driver/Src/stm32f1xx_hal.o
 .debug_macro   0x000169a0      0x1a3 ./Drivers/STM32F1xx_HAL_Driver/Src/stm32f1xx_hal_cortex.o
 .debug_macro   0x00016b43      0x20e ./Drivers/STM32F1xx_HAL_Driver/Src/stm32f1xx_hal_gpio.o
 .debug_macro   0x00016d51      0x1f1 ./Drivers/STM32F1xx_HAL_Driver/Src/stm32f1xx_hal_i2c.o
 .debug_macro   0x00016f42      0x1b5 ./Drivers/STM32F1xx_HAL_Driver/Src/stm32f1xx_hal_rcc.o
 .debug_macro   0x000170f7      0x1a4 ./Drivers/STM32F1xx_HAL_Driver/Src/stm32f1xx_hal_tim.o
 .debug_macro   0x0001729b      0x1a3 ./Drivers/STM32F1xx_HAL_Driver/Src/stm32f1xx_hal_tim_ex.o
 .debug_macro   0x0001743e      0x29f ./Libraries/Application/Src/Controller/AlarmCtrl.o
 .debug_macro   0x000176dd      0x24b ./Libraries/Application/Src/Controller/IdlingCtrl.o
 .debug_macro   0x00017928      0x242 ./Libraries/Application/Src/Controller/MenuCtrl.o
 .debug_macro   0x00017b6a      0x448 ./Libraries/Application/Src/Controller/StateCtrl.o
 .debug_macro   0x00017fb2      0x1f4 ./Libraries/Application/Src/ScreenUtilities.o
 .debug_macro   0x000181a6      0x205 ./Libraries/Application/Src/View/AlarmView.o
 .debug_macro   0x000183ab      0x215 ./Libraries/Application/Src/View/GeneralDisplay.o
 .debug_macro   0x000185c0      0x20b ./Libraries/Application/Src/View/IdlingView.o
 .debug_macro   0x000187cb      0x202 ./Libraries/Application/Src/View/MenuView.o
 .debug_macro   0x000189cd      0x1b7 ./Libraries/Firmware/Src/Beep_pwm.o
 .debug_macro   0x00018b84      0x1ba ./Libraries/Firmware/Src/Button_gpio.o
 .debug_macro   0x00018d3e      0x1ba ./Libraries/Firmware/Src/Led_gpio.o
 .debug_macro   0x00018ef8      0x1b6 ./Libraries/Firmware/Src/Oled_sh1106_i2c.o
 .debug_macro   0x000190ae      0x1bf ./Libraries/Firmware/Src/Rtc_ds1307_i2c.o

.debug_line     0x00000000    0x1593e
 .debug_line    0x00000000      0xaf4 ./Core/Src/main.o
 .debug_line    0x00000af4      0x7c9 ./Core/Src/stm32f1xx_hal_msp.o
 .debug_line    0x000012bd      0x7d2 ./Core/Src/stm32f1xx_it.o
 .debug_line    0x00001a8f      0x776 ./Core/Src/system_stm32f1xx.o
 .debug_line    0x00002205       0x78 ./Core/Startup/startup_stm32f103c8tx.o
 .debug_line    0x0000227d      0x9a3 ./Drivers/STM32F1xx_HAL_Driver/Src/stm32f1xx_hal.o
 .debug_line    0x00002c20      0xb8f ./Drivers/STM32F1xx_HAL_Driver/Src/stm32f1xx_hal_cortex.o
 .debug_line    0x000037af      0xa3c ./Drivers/STM32F1xx_HAL_Driver/Src/stm32f1xx_hal_gpio.o
 .debug_line    0x000041eb     0x3c40 ./Drivers/STM32F1xx_HAL_Driver/Src/stm32f1xx_hal_i2c.o
 .debug_line    0x00007e2b      0xdac ./Drivers/STM32F1xx_HAL_Driver/Src/stm32f1xx_hal_rcc.o
 .debug_line    0x00008bd7     0x34c8 ./Drivers/STM32F1xx_HAL_Driver/Src/stm32f1xx_hal_tim.o
 .debug_line    0x0000c09f     0x18f2 ./Drivers/STM32F1xx_HAL_Driver/Src/stm32f1xx_hal_tim_ex.o
 .debug_line    0x0000d991      0xd3a ./Libraries/Application/Src/Controller/AlarmCtrl.o
 .debug_line    0x0000e6cb      0x860 ./Libraries/Application/Src/Controller/IdlingCtrl.o
 .debug_line    0x0000ef2b      0x85c ./Libraries/Application/Src/Controller/MenuCtrl.o
 .debug_line    0x0000f787      0x9a7 ./Libraries/Application/Src/Controller/StateCtrl.o
 .debug_line    0x0001012e      0xae3 ./Libraries/Application/Src/ScreenUtilities.o
 .debug_line    0x00010c11      0x962 ./Libraries/Application/Src/View/AlarmView.o
 .debug_line    0x00011573      0x918 ./Libraries/Application/Src/View/GeneralDisplay.o
 .debug_line    0x00011e8b      0x8f2 ./Libraries/Application/Src/View/IdlingView.o
 .debug_line    0x0001277d      0x8cb ./Libraries/Application/Src/View/MenuView.o
 .debug_line    0x00013048      0x791 ./Libraries/Firmware/Src/Beep_pwm.o
 .debug_line    0x000137d9      0x88b ./Libraries/Firmware/Src/Button_gpio.o
 .debug_line    0x00014064      0x783 ./Libraries/Firmware/Src/Led_gpio.o
 .debug_line    0x000147e7      0x89c ./Libraries/Firmware/Src/Oled_sh1106_i2c.o
 .debug_line    0x00015083      0x8bb ./Libraries/Firmware/Src/Rtc_ds1307_i2c.o

.debug_str      0x00000000    0x878fe
 .debug_str     0x00000000    0x843ab ./Core/Src/main.o
                              0x847f4 (size before relaxing)
 .debug_str     0x000843ab      0x371 ./Core/Src/stm32f1xx_hal_msp.o
                              0x83ed3 (size before relaxing)
 .debug_str     0x0008471c       0xdc ./Core/Src/stm32f1xx_it.o
                              0x83891 (size before relaxing)
 .debug_str     0x000847f8       0x7e ./Core/Src/system_stm32f1xx.o
                              0x833b3 (size before relaxing)
 .debug_str     0x00084876       0x44 ./Core/Startup/startup_stm32f103c8tx.o
                                 0x78 (size before relaxing)
 .debug_str     0x000848ba      0x38e ./Drivers/STM32F1xx_HAL_Driver/Src/stm32f1xx_hal.o
                              0x83ae6 (size before relaxing)
 .debug_str     0x00084c48      0x294 ./Drivers/STM32F1xx_HAL_Driver/Src/stm32f1xx_hal_cortex.o
                              0x83a32 (size before relaxing)
 .debug_str     0x00084edc      0x2e1 ./Drivers/STM32F1xx_HAL_Driver/Src/stm32f1xx_hal_gpio.o
                              0x83739 (size before relaxing)
 .debug_str     0x000851bd      0xbd5 ./Drivers/STM32F1xx_HAL_Driver/Src/stm32f1xx_hal_i2c.o
                              0x8447a (size before relaxing)
 .debug_str     0x00085d92      0x209 ./Drivers/STM32F1xx_HAL_Driver/Src/stm32f1xx_hal_rcc.o
                              0x837e2 (size before relaxing)
 .debug_str     0x00085f9b      0xd32 ./Drivers/STM32F1xx_HAL_Driver/Src/stm32f1xx_hal_tim.o
                              0x847e4 (size before relaxing)
 .debug_str     0x00086ccd      0x493 ./Drivers/STM32F1xx_HAL_Driver/Src/stm32f1xx_hal_tim_ex.o
                              0x83ff0 (size before relaxing)
 .debug_str     0x00087160      0x15a ./Libraries/Application/Src/Controller/AlarmCtrl.o
                              0x839d2 (size before relaxing)
 .debug_str     0x000872ba       0x76 ./Libraries/Application/Src/Controller/IdlingCtrl.o
                              0x837bc (size before relaxing)
 .debug_str     0x00087330       0x66 ./Libraries/Application/Src/Controller/MenuCtrl.o
                              0x83796 (size before relaxing)
 .debug_str     0x00087396       0x9d ./Libraries/Application/Src/Controller/StateCtrl.o
                              0x83cc7 (size before relaxing)
 .debug_str     0x00087433       0xd8 ./Libraries/Application/Src/ScreenUtilities.o
                              0x83775 (size before relaxing)
 .debug_str     0x0008750b       0x2e ./Libraries/Application/Src/View/AlarmView.o
                              0x83810 (size before relaxing)
 .debug_str     0x00087539       0x4b ./Libraries/Application/Src/View/GeneralDisplay.o
                              0x837fe (size before relaxing)
 .debug_str     0x00087584       0x2f ./Libraries/Application/Src/View/IdlingView.o
                              0x83780 (size before relaxing)
 .debug_str     0x000875b3       0x2d ./Libraries/Application/Src/View/MenuView.o
                              0x83745 (size before relaxing)
 .debug_str     0x000875e0       0x76 ./Libraries/Firmware/Src/Beep_pwm.o
                              0x838cf (size before relaxing)
 .debug_str     0x00087656       0xba ./Libraries/Firmware/Src/Button_gpio.o
                              0x834cd (size before relaxing)
 .debug_str     0x00087710       0x87 ./Libraries/Firmware/Src/Led_gpio.o
                              0x83445 (size before relaxing)
 .debug_str     0x00087797       0xa2 ./Libraries/Firmware/Src/Oled_sh1106_i2c.o
                              0x83a61 (size before relaxing)
 .debug_str     0x00087839       0xc5 ./Libraries/Firmware/Src/Rtc_ds1307_i2c.o
                              0x83a43 (size before relaxing)

.comment        0x00000000       0x43
 .comment       0x00000000       0x43 ./Core/Src/main.o
                                 0x44 (size before relaxing)
 .comment       0x00000043       0x44 ./Core/Src/stm32f1xx_hal_msp.o
 .comment       0x00000043       0x44 ./Core/Src/stm32f1xx_it.o
 .comment       0x00000043       0x44 ./Core/Src/system_stm32f1xx.o
 .comment       0x00000043       0x44 ./Drivers/STM32F1xx_HAL_Driver/Src/stm32f1xx_hal.o
 .comment       0x00000043       0x44 ./Drivers/STM32F1xx_HAL_Driver/Src/stm32f1xx_hal_cortex.o
 .comment       0x00000043       0x44 ./Drivers/STM32F1xx_HAL_Driver/Src/stm32f1xx_hal_gpio.o
 .comment       0x00000043       0x44 ./Drivers/STM32F1xx_HAL_Driver/Src/stm32f1xx_hal_i2c.o
 .comment       0x00000043       0x44 ./Drivers/STM32F1xx_HAL_Driver/Src/stm32f1xx_hal_rcc.o
 .comment       0x00000043       0x44 ./Drivers/STM32F1xx_HAL_Driver/Src/stm32f1xx_hal_tim.o
 .comment       0x00000043       0x44 ./Drivers/STM32F1xx_HAL_Driver/Src/stm32f1xx_hal_tim_ex.o
 .comment       0x00000043       0x44 ./Libraries/Application/Src/Controller/AlarmCtrl.o
 .comment       0x00000043       0x44 ./Libraries/Application/Src/Controller/IdlingCtrl.o
 .comment       0x00000043       0x44 ./Libraries/Application/Src/Controller/MenuCtrl.o
 .comment       0x00000043       0x44 ./Libraries/Application/Src/Controller/StateCtrl.o
 .comment       0x00000043       0x44 ./Libraries/Application/Src/ScreenUtilities.o
 .comment       0x00000043       0x44 ./Libraries/Application/Src/View/AlarmView.o
 .comment       0x00000043       0x44 ./Libraries/Application/Src/View/GeneralDisplay.o
 .comment       0x00000043       0x44 ./Libraries/Application/Src/View/IdlingView.o
 .comment       0x00000043       0x44 ./Libraries/Application/Src/View/MenuView.o
 .comment       0x00000043       0x44 ./Libraries/Firmware/Src/Beep_pwm.o
 .comment       0x00000043       0x44 ./Libraries/Firmware/Src/Button_gpio.o
 .comment       0x00000043       0x44 ./Libraries/Firmware/Src/Led_gpio.o
 .comment       0x00000043       0x44 ./Libraries/Firmware/Src/Oled_sh1106_i2c.o
 .comment       0x00000043       0x44 ./Libraries/Firmware/Src/Rtc_ds1307_i2c.o

.debug_frame    0x00000000     0x3a64
 .debug_frame   0x00000000      0x11c ./Core/Src/main.o
 .debug_frame   0x0000011c       0xec ./Core/Src/stm32f1xx_hal_msp.o
 .debug_frame   0x00000208      0x120 ./Core/Src/stm32f1xx_it.o
 .debug_frame   0x00000328       0x58 ./Core/Src/system_stm32f1xx.o
 .debug_frame   0x00000380      0x334 ./Drivers/STM32F1xx_HAL_Driver/Src/stm32f1xx_hal.o
 .debug_frame   0x000006b4      0x428 ./Drivers/STM32F1xx_HAL_Driver/Src/stm32f1xx_hal_cortex.o
 .debug_frame   0x00000adc      0x14c ./Drivers/STM32F1xx_HAL_Driver/Src/stm32f1xx_hal_gpio.o
 .debug_frame   0x00000c28      0xc84 ./Drivers/STM32F1xx_HAL_Driver/Src/stm32f1xx_hal_i2c.o
 .debug_frame   0x000018ac      0x218 ./Drivers/STM32F1xx_HAL_Driver/Src/stm32f1xx_hal_rcc.o
 .debug_frame   0x00001ac4     0x11b8 ./Drivers/STM32F1xx_HAL_Driver/Src/stm32f1xx_hal_tim.o
 .debug_frame   0x00002c7c      0x638 ./Drivers/STM32F1xx_HAL_Driver/Src/stm32f1xx_hal_tim_ex.o
 .debug_frame   0x000032b4       0x84 ./Libraries/Application/Src/Controller/AlarmCtrl.o
 .debug_frame   0x00003338       0x34 ./Libraries/Application/Src/Controller/IdlingCtrl.o
 .debug_frame   0x0000336c       0x34 ./Libraries/Application/Src/Controller/MenuCtrl.o
 .debug_frame   0x000033a0       0x48 ./Libraries/Application/Src/Controller/StateCtrl.o
 .debug_frame   0x000033e8      0x1cc ./Libraries/Application/Src/ScreenUtilities.o
 .debug_frame   0x000035b4       0x38 ./Libraries/Application/Src/View/AlarmView.o
 .debug_frame   0x000035ec       0x58 ./Libraries/Application/Src/View/GeneralDisplay.o
 .debug_frame   0x00003644       0x38 ./Libraries/Application/Src/View/IdlingView.o
 .debug_frame   0x0000367c       0x5c ./Libraries/Application/Src/View/MenuView.o
 .debug_frame   0x000036d8       0x5c ./Libraries/Firmware/Src/Beep_pwm.o
 .debug_frame   0x00003734       0xa4 ./Libraries/Firmware/Src/Button_gpio.o
 .debug_frame   0x000037d8       0x80 ./Libraries/Firmware/Src/Led_gpio.o
 .debug_frame   0x00003858       0xa8 ./Libraries/Firmware/Src/Oled_sh1106_i2c.o
 .debug_frame   0x00003900      0x118 ./Libraries/Firmware/Src/Rtc_ds1307_i2c.o
 .debug_frame   0x00003a18       0x20 C:/Program Files/STM32CubeIDE_1.17.0/STM32CubeIDE/plugins/com.st.stm32cube.ide.mcu.externaltools.gnu-tools-for-stm32.12.3.rel1.win32_1.1.0.202410251130/tools/bin/../lib/gcc/arm-none-eabi/12.3.1/../../../../arm-none-eabi/lib/thumb/v7-m/nofp\libc_nano.a(libc_a-memset.o)
 .debug_frame   0x00003a38       0x2c C:/Program Files/STM32CubeIDE_1.17.0/STM32CubeIDE/plugins/com.st.stm32cube.ide.mcu.externaltools.gnu-tools-for-stm32.12.3.rel1.win32_1.1.0.202410251130/tools/bin/../lib/gcc/arm-none-eabi/12.3.1/../../../../arm-none-eabi/lib/thumb/v7-m/nofp\libc_nano.a(libc_a-init.o)

.debug_line_str
                0x00000000       0x5c
 .debug_line_str
                0x00000000       0x5c ./Core/Startup/startup_stm32f103c8tx.o
